Archive member included to satisfy reference by file (symbol)

c:/program files (x86)/atmel/studio/7.0/toolchain/avr8/avr8-gnu-toolchain/bin/../lib/gcc/avr/4.9.2/../../../../avr/lib/avrxmega7\libm.a(divsf3.o)
                              src/V2X/Power Sequence/powerSeq.o (__divsf3)
c:/program files (x86)/atmel/studio/7.0/toolchain/avr8/avr8-gnu-toolchain/bin/../lib/gcc/avr/4.9.2/../../../../avr/lib/avrxmega7\libm.a(divsf3x.o)
                              c:/program files (x86)/atmel/studio/7.0/toolchain/avr8/avr8-gnu-toolchain/bin/../lib/gcc/avr/4.9.2/../../../../avr/lib/avrxmega7\libm.a(divsf3.o) (__divsf3x)
c:/program files (x86)/atmel/studio/7.0/toolchain/avr8/avr8-gnu-toolchain/bin/../lib/gcc/avr/4.9.2/../../../../avr/lib/avrxmega7\libm.a(fixsfdi.o)
                              src/V2X/Power Sequence/powerSeq.o (__fixunssfdi)
c:/program files (x86)/atmel/studio/7.0/toolchain/avr8/avr8-gnu-toolchain/bin/../lib/gcc/avr/4.9.2/../../../../avr/lib/avrxmega7\libm.a(floatundisf.o)
                              src/V2X/Power Sequence/powerSeq.o (__floatundisf)
c:/program files (x86)/atmel/studio/7.0/toolchain/avr8/avr8-gnu-toolchain/bin/../lib/gcc/avr/4.9.2/../../../../avr/lib/avrxmega7\libm.a(fp_inf.o)
                              c:/program files (x86)/atmel/studio/7.0/toolchain/avr8/avr8-gnu-toolchain/bin/../lib/gcc/avr/4.9.2/../../../../avr/lib/avrxmega7\libm.a(divsf3x.o) (__fp_inf)
c:/program files (x86)/atmel/studio/7.0/toolchain/avr8/avr8-gnu-toolchain/bin/../lib/gcc/avr/4.9.2/../../../../avr/lib/avrxmega7\libm.a(fp_nan.o)
                              c:/program files (x86)/atmel/studio/7.0/toolchain/avr8/avr8-gnu-toolchain/bin/../lib/gcc/avr/4.9.2/../../../../avr/lib/avrxmega7\libm.a(divsf3x.o) (__fp_nan)
c:/program files (x86)/atmel/studio/7.0/toolchain/avr8/avr8-gnu-toolchain/bin/../lib/gcc/avr/4.9.2/../../../../avr/lib/avrxmega7\libm.a(fp_negdi.o)
                              c:/program files (x86)/atmel/studio/7.0/toolchain/avr8/avr8-gnu-toolchain/bin/../lib/gcc/avr/4.9.2/../../../../avr/lib/avrxmega7\libm.a(fixsfdi.o) (__fp_negdi)
c:/program files (x86)/atmel/studio/7.0/toolchain/avr8/avr8-gnu-toolchain/bin/../lib/gcc/avr/4.9.2/../../../../avr/lib/avrxmega7\libm.a(fp_pscA.o)
                              c:/program files (x86)/atmel/studio/7.0/toolchain/avr8/avr8-gnu-toolchain/bin/../lib/gcc/avr/4.9.2/../../../../avr/lib/avrxmega7\libm.a(divsf3x.o) (__fp_pscA)
c:/program files (x86)/atmel/studio/7.0/toolchain/avr8/avr8-gnu-toolchain/bin/../lib/gcc/avr/4.9.2/../../../../avr/lib/avrxmega7\libm.a(fp_pscB.o)
                              c:/program files (x86)/atmel/studio/7.0/toolchain/avr8/avr8-gnu-toolchain/bin/../lib/gcc/avr/4.9.2/../../../../avr/lib/avrxmega7\libm.a(divsf3x.o) (__fp_pscB)
c:/program files (x86)/atmel/studio/7.0/toolchain/avr8/avr8-gnu-toolchain/bin/../lib/gcc/avr/4.9.2/../../../../avr/lib/avrxmega7\libm.a(fp_round.o)
                              c:/program files (x86)/atmel/studio/7.0/toolchain/avr8/avr8-gnu-toolchain/bin/../lib/gcc/avr/4.9.2/../../../../avr/lib/avrxmega7\libm.a(divsf3.o) (__fp_round)
c:/program files (x86)/atmel/studio/7.0/toolchain/avr8/avr8-gnu-toolchain/bin/../lib/gcc/avr/4.9.2/../../../../avr/lib/avrxmega7\libm.a(fp_split3.o)
                              c:/program files (x86)/atmel/studio/7.0/toolchain/avr8/avr8-gnu-toolchain/bin/../lib/gcc/avr/4.9.2/../../../../avr/lib/avrxmega7\libm.a(divsf3x.o) (__fp_split3)
c:/program files (x86)/atmel/studio/7.0/toolchain/avr8/avr8-gnu-toolchain/bin/../lib/gcc/avr/4.9.2/../../../../avr/lib/avrxmega7\libm.a(fp_zero.o)
                              c:/program files (x86)/atmel/studio/7.0/toolchain/avr8/avr8-gnu-toolchain/bin/../lib/gcc/avr/4.9.2/../../../../avr/lib/avrxmega7\libm.a(divsf3x.o) (__fp_szero)
c:/program files (x86)/atmel/studio/7.0/toolchain/avr8/avr8-gnu-toolchain/bin/../lib/gcc/avr/4.9.2/avrxmega7\libgcc.a(_divmodhi4.o)
                              src/V2X/Real Time Clock/dateToEpoch.o (__divmodhi4)
c:/program files (x86)/atmel/studio/7.0/toolchain/avr8/avr8-gnu-toolchain/bin/../lib/gcc/avr/4.9.2/avrxmega7\libgcc.a(_udivmodsi4.o)
                              src/ASF/xmega/drivers/spi/spi.o (__udivmodsi4)
c:/program files (x86)/atmel/studio/7.0/toolchain/avr8/avr8-gnu-toolchain/bin/../lib/gcc/avr/4.9.2/avrxmega7\libgcc.a(_exit.o)
                              C:/Program Files (x86)/Atmel/Studio/7.0/Packs/atmel/XMEGAA_DFP/1.0.36/gcc/dev/atxmega128a1u/avrxmega7/crtatxmega128a1u.o (exit)
c:/program files (x86)/atmel/studio/7.0/toolchain/avr8/avr8-gnu-toolchain/bin/../lib/gcc/avr/4.9.2/avrxmega7\libgcc.a(_copy_data.o)
                              src/ASF/common/services/sleepmgr/xmega/sleepmgr.o (__do_copy_data)
c:/program files (x86)/atmel/studio/7.0/toolchain/avr8/avr8-gnu-toolchain/bin/../lib/gcc/avr/4.9.2/avrxmega7\libgcc.a(_clear_bss.o)
                              src/ASF/common/services/sleepmgr/xmega/sleepmgr.o (__do_clear_bss)
[...]
Memory Configuration

Name             Origin             Length             Attributes
text             0x00000000         0x00100000         xr
data             0x00802000         0x0000ffa0         rw !x
eeprom           0x00810000         0x00010000         rw !x
fuse             0x00820000         0x00000400         rw !x
lock             0x00830000         0x00000400         rw !x
signature        0x00840000         0x00000400         rw !x
user_signatures  0x00850000         0x00000400         rw !x
*default*        0x00000000         0xffffffff

Linker script and memory map

LOAD C:/Program Files (x86)/Atmel/Studio/7.0/Packs/atmel/XMEGAA_DFP/1.0.36/gcc/dev/atxmega128a1u/avrxmega7/crtatxmega128a1u.o
LOAD src/ASF/common/services/sleepmgr/xmega/sleepmgr.o
LOAD src/ASF/xmega/drivers/rtc/rtc.o
LOAD src/V2X/Power Sequence/powerSeq.o
LOAD src/V2X/Real Time Clock/dateToEpoch.o
LOAD src/V2X/Real Time Clock/parseISO.o
LOAD src/V2X/Real Time Clock/vrtc.o
LOAD src/ASF/common/components/display/ssd1306/font.o
LOAD src/ASF/common/components/display/ssd1306/ssd1306.o
LOAD src/ASF/common/services/clock/xmega/sysclk.o
LOAD src/ASF/common/services/ioport/xmega/ioport_compat.o
LOAD src/ASF/common/services/spi/xmega_spi/spi_master.o
LOAD src/ASF/xmega/boards/xmega_a1u_xplained_pro/board_init.o
LOAD src/ASF/xmega/drivers/cpu/ccp.o
LOAD src/ASF/xmega/drivers/nvm/nvm.o
LOAD src/ASF/xmega/drivers/nvm/nvm_asm.o
LOAD src/ASF/xmega/drivers/spi/spi.o
LOAD src/main.o
START GROUP
LOAD c:/program files (x86)/atmel/studio/7.0/toolchain/avr8/avr8-gnu-toolchain/bin/../lib/gcc/avr/4.9.2/../../../../avr/lib/avrxmega7\libm.a
END GROUP
Address of section .BOOT set to 0x20000
START GROUP
LOAD c:/program files (x86)/atmel/studio/7.0/toolchain/avr8/avr8-gnu-toolchain/bin/../lib/gcc/avr/4.9.2/avrxmega7\libgcc.a
LOAD c:/program files (x86)/atmel/studio/7.0/toolchain/avr8/avr8-gnu-toolchain/bin/../lib/gcc/avr/4.9.2/../../../../avr/lib/avrxmega7\libm.a
LOAD c:/program files (x86)/atmel/studio/7.0/toolchain/avr8/avr8-gnu-toolchain/bin/../lib/gcc/avr/4.9.2/../../../../avr/lib/avrxmega7\libc.a
LOAD C:/Program Files (x86)/Atmel/Studio/7.0/Packs/atmel/XMEGAA_DFP/1.0.36/gcc/dev/atxmega128a1u/avrxmega7\libatxmega128a1u.a
END GROUP

.hash
 *(.hash)

.dynsym
 *(.dynsym)

.dynstr
 *(.dynstr)

.gnu.version
 *(.gnu.version)

.gnu.version_d
 *(.gnu.version_d)

.gnu.version_r
 *(.gnu.version_r)

.rel.init
 *(.rel.init)

.rela.init
 *(.rela.init)

.rel.text
 *(.rel.text)
 *(.rel.text.*)
 *(.rel.gnu.linkonce.t*)

.rela.text
 *(.rela.text)
 *(.rela.text.*)
 *(.rela.gnu.linkonce.t*)

.rel.fini
 *(.rel.fini)

.rela.fini
 *(.rela.fini)

.rel.rodata
 *(.rel.rodata)
 *(.rel.rodata.*)
 *(.rel.gnu.linkonce.r*)

.rela.rodata
 *(.rela.rodata)
 *(.rela.rodata.*)
 *(.rela.gnu.linkonce.r*)

.rel.data
 *(.rel.data)
 *(.rel.data.*)
 *(.rel.gnu.linkonce.d*)

.rela.data
 *(.rela.data)
 *(.rela.data.*)
 *(.rela.gnu.linkonce.d*)

.rel.ctors
 *(.rel.ctors)

.rela.ctors
 *(.rela.ctors)

.rel.dtors
 *(.rel.dtors)

.rela.dtors
 *(.rela.dtors)

.rel.got
 *(.rel.got)

.rela.got
 *(.rela.got)

.rel.bss
 *(.rel.bss)

.rela.bss
 *(.rela.bss)

.rel.plt
 *(.rel.plt)

.rela.plt
 *(.rela.plt)

.text           0x00000000      0x932
 *(.vectors)
 .vectors       0x00000000      0x1fc C:/Program Files (x86)/Atmel/Studio/7.0/Packs/atmel/XMEGAA_DFP/1.0.36/gcc/dev/atxmega128a1u/avrxmega7/crtatxmega128a1u.o
                0x00000000                __vector_default
                0x00000000                __vectors
 *(.vectors)
 *(.progmem.gcc*)
                0x000001fc                . = ALIGN (0x2)
                0x000001fc                __trampolines_start = .
 *(.trampolines)
 .trampolines   0x000001fc        0x0 linker stubs
 *(.trampolines*)
                0x000001fc                __trampolines_end = .
 *(.progmem*)
                0x000001fc                . = ALIGN (0x2)
 *(.jumptables)
 *(.jumptables*)
 *(.lowtext)
 *(.lowtext*)
                0x000001fc                __ctors_start = .
 *(.ctors)
                0x000001fc                __ctors_end = .
                0x000001fc                __dtors_start = .
 *(.dtors)
                0x000001fc                __dtors_end = .
 SORT(*)(.ctors)
 SORT(*)(.dtors)
 *(.init0)
 .init0         0x000001fc        0x0 C:/Program Files (x86)/Atmel/Studio/7.0/Packs/atmel/XMEGAA_DFP/1.0.36/gcc/dev/atxmega128a1u/avrxmega7/crtatxmega128a1u.o
                0x000001fc                __init
 *(.init0)
 *(.init1)
 *(.init1)
 *(.init2)
 .init2         0x000001fc       0x18 C:/Program Files (x86)/Atmel/Studio/7.0/Packs/atmel/XMEGAA_DFP/1.0.36/gcc/dev/atxmega128a1u/avrxmega7/crtatxmega128a1u.o
 *(.init2)
 *(.init3)
 *(.init3)
 *(.init4)
 .init4         0x00000214       0x1c c:/program files (x86)/atmel/studio/7.0/toolchain/avr8/avr8-gnu-toolchain/bin/../lib/gcc/avr/4.9.2/avrxmega7\libgcc.a(_copy_data.o)
                0x00000214                __do_copy_data
 .init4         0x00000230       0x10 c:/program files (x86)/atmel/studio/7.0/toolchain/avr8/avr8-gnu-toolchain/bin/../lib/gcc/avr/4.9.2/avrxmega7\libgcc.a(_clear_bss.o)
                0x00000230                __do_clear_bss
 *(.init4)
 *(.init5)
 *(.init5)
 *(.init6)
 *(.init6)
 *(.init7)
 *(.init7)
 *(.init8)
 *(.init8)
 *(.init9)
 .init9         0x00000240        0x4 C:/Program Files (x86)/Atmel/Studio/7.0/Packs/atmel/XMEGAA_DFP/1.0.36/gcc/dev/atxmega128a1u/avrxmega7/crtatxmega128a1u.o
 *(.init9)
 *(.text)
 .text          0x00000244        0x2 C:/Program Files (x86)/Atmel/Studio/7.0/Packs/atmel/XMEGAA_DFP/1.0.36/gcc/dev/atxmega128a1u/avrxmega7/crtatxmega128a1u.o
                0x00000244                __vector_38
                0x00000244                __vector_104
                0x00000244                __vector_22
                0x00000244                __vector_63
                0x00000244                __vector_28
                0x00000244                __vector_67
                0x00000244                __vector_1
                0x00000244                __vector_119
                0x00000244                __vector_32
                0x00000244                __vector_75
                0x00000244                __vector_71
                0x00000244                __vector_91
                0x00000244                __vector_34
                0x00000244                __vector_62
                0x00000244                __vector_77
                0x00000244                __vector_102
                0x00000244                __vector_24
                0x00000244                __vector_12
                0x00000244                __vector_55
                0x00000244                __vector_69
                0x00000244                __vector_81
                0x00000244                __vector_90
                0x00000244                __vector_46
                0x00000244                __bad_interrupt
                0x00000244                __vector_122
                0x00000244                __vector_72
                0x00000244                __vector_114
                0x00000244                __vector_6
                0x00000244                __vector_110
                0x00000244                __vector_31
                0x00000244                __vector_92
                0x00000244                __vector_35
                0x00000244                __vector_78
                0x00000244                __vector_74
                0x00000244                __vector_117
                0x00000244                __vector_39
                0x00000244                __vector_107
                0x00000244                __vector_3
                0x00000244                __vector_105
                0x00000244                __vector_98
                0x00000244                __vector_23
                0x00000244                __vector_68
                0x00000244                __vector_30
                0x00000244                __vector_73
                0x00000244                __vector_45
                0x00000244                __vector_25
                0x00000244                __vector_93
                0x00000244                __vector_61
                0x00000244                __vector_54
                0x00000244                __vector_99
                0x00000244                __vector_13
                0x00000244                __vector_17
                0x00000244                __vector_19
                0x00000244                __vector_56
                0x00000244                __vector_7
                0x00000244                __vector_125
                0x00000244                __vector_49
                0x00000244                __vector_123
                0x00000244                __vector_41
                0x00000244                __vector_86
                0x00000244                __vector_100
                0x00000244                __vector_101
                0x00000244                __vector_64
                0x00000244                __vector_88
                0x00000244                __vector_109
                0x00000244                __vector_43
                0x00000244                __vector_27
                0x00000244                __vector_5
                0x00000244                __vector_113
                0x00000244                __vector_33
                0x00000244                __vector_76
                0x00000244                __vector_115
                0x00000244                __vector_47
                0x00000244                __vector_52
                0x00000244                __vector_37
                0x00000244                __vector_95
                0x00000244                __vector_103
                0x00000244                __vector_96
                0x00000244                __vector_89
                0x00000244                __vector_108
                0x00000244                __vector_4
                0x00000244                __vector_44
                0x00000244                __vector_82
                0x00000244                __vector_106
                0x00000244                __vector_118
                0x00000244                __vector_51
                0x00000244                __vector_9
                0x00000244                __vector_2
                0x00000244                __vector_21
                0x00000244                __vector_15
                0x00000244                __vector_66
                0x00000244                __vector_36
                0x00000244                __vector_79
                0x00000244                __vector_58
                0x00000244                __vector_70
                0x00000244                __vector_83
                0x00000244                __vector_29
                0x00000244                __vector_60
                0x00000244                __vector_121
                0x00000244                __vector_40
                0x00000244                __vector_85
                0x00000244                __vector_94
                0x00000244                __vector_126
                0x00000244                __vector_8
                0x00000244                __vector_26
                0x00000244                __vector_48
                0x00000244                __vector_124
                0x00000244                __vector_116
                0x00000244                __vector_112
                0x00000244                __vector_111
                0x00000244                __vector_80
                0x00000244                __vector_14
                0x00000244                __vector_84
                0x00000244                __vector_57
                0x00000244                __vector_53
                0x00000244                __vector_50
                0x00000244                __vector_16
                0x00000244                __vector_59
                0x00000244                __vector_18
                0x00000244                __vector_97
                0x00000244                __vector_20
                0x00000244                __vector_42
                0x00000244                __vector_87
                0x00000244                __vector_65
                0x00000244                __vector_120
                0x00000246                . = ALIGN (0x2)
 *(.text.*)
 .text.rtc_get_time
                0x00000246       0x58 src/ASF/xmega/drivers/rtc/rtc.o
                0x00000246                rtc_get_time
 .text.rtc_set_alarm
                0x0000029e       0x30 src/ASF/xmega/drivers/rtc/rtc.o
                0x0000029e                rtc_set_alarm
 .text.rtc_set_callback
                0x000002ce        0xa src/ASF/xmega/drivers/rtc/rtc.o
                0x000002ce                rtc_set_callback
 .text.rtc_init
                0x000002d8       0x34 src/ASF/xmega/drivers/rtc/rtc.o
                0x000002d8                rtc_init
 .text.__vector_11
                0x0000030c      0x108 src/ASF/xmega/drivers/rtc/rtc.o
                0x0000030c                __vector_11
 .text.init_power_seq
                0x00000414       0x4e src/V2X/Power Sequence/powerSeq.o
                0x00000414                init_power_seq
 .text.alarm    0x00000462       0x24 src/V2X/Real Time Clock/vrtc.o
 .text.alarm2   0x00000486       0x3c src/V2X/Real Time Clock/vrtc.o
 .text.init_vrtc
                0x000004c2       0x38 src/V2X/Real Time Clock/vrtc.o
                0x000004c2                init_vrtc
 .text.__vector_10
                0x000004fa       0x6e src/V2X/Real Time Clock/vrtc.o
                0x000004fa                __vector_10
 .text.ssd1306_write_command
                0x00000568       0x3e src/ASF/common/components/display/ssd1306/ssd1306.o
 .text.ssd1306_init
                0x000005a6       0xb4 src/ASF/common/components/display/ssd1306/ssd1306.o
                0x000005a6                ssd1306_init
 .text.sysclk_init
                0x0000065a       0x40 src/ASF/common/services/clock/xmega/sysclk.o
                0x0000065a                sysclk_init
 .text.sysclk_enable_module
                0x0000069a       0x18 src/ASF/common/services/clock/xmega/sysclk.o
                0x0000069a                sysclk_enable_module
 .text.ioport_configure_port_pin
                0x000006b2       0x50 src/ASF/common/services/ioport/xmega/ioport_compat.o
                0x000006b2                ioport_configure_port_pin
 .text.spi_master_init
                0x00000702       0x58 src/ASF/common/services/spi/xmega_spi/spi_master.o
                0x00000702                spi_master_init
 .text.spi_master_setup_device
                0x0000075a       0x3c src/ASF/common/services/spi/xmega_spi/spi_master.o
                0x0000075a                spi_master_setup_device
 .text.spi_select_device
                0x00000796       0x2c src/ASF/common/services/spi/xmega_spi/spi_master.o
                0x00000796                spi_select_device
 .text.spi_deselect_device
                0x000007c2       0x2c src/ASF/common/services/spi/xmega_spi/spi_master.o
                0x000007c2                spi_deselect_device
 .text.board_init
                0x000007ee       0x1a src/ASF/xmega/boards/xmega_a1u_xplained_pro/board_init.o
                0x000007ee                board_init
 .text.spi_xmega_set_baud_div
                0x00000808       0x8e src/ASF/xmega/drivers/spi/spi.o
                0x00000808                spi_xmega_set_baud_div
 .text.main     0x00000896       0x54 src/main.o
                0x00000896                main
 .text.libgcc.div
                0x000008ea       0x44 c:/program files (x86)/atmel/studio/7.0/toolchain/avr8/avr8-gnu-toolchain/bin/../lib/gcc/avr/4.9.2/avrxmega7\libgcc.a(_udivmodsi4.o)
                0x000008ea                __udivmodsi4
                0x0000092e                . = ALIGN (0x2)
 *(.fini9)
 .fini9         0x0000092e        0x0 c:/program files (x86)/atmel/studio/7.0/toolchain/avr8/avr8-gnu-toolchain/bin/../lib/gcc/avr/4.9.2/avrxmega7\libgcc.a(_exit.o)
                0x0000092e                _exit
                0x0000092e                exit
 *(.fini9)
 *(.fini8)
 *(.fini8)
 *(.fini7)
 *(.fini7)
 *(.fini6)
 *(.fini6)
 *(.fini5)
 *(.fini5)
 *(.fini4)
 *(.fini4)
 *(.fini3)
 *(.fini3)
 *(.fini2)
 *(.fini2)
 *(.fini1)
 *(.fini1)
 *(.fini0)
 .fini0         0x0000092e        0x4 c:/program files (x86)/atmel/studio/7.0/toolchain/avr8/avr8-gnu-toolchain/bin/../lib/gcc/avr/4.9.2/avrxmega7\libgcc.a(_exit.o)
 *(.fini0)
                0x00000932                _etext = .

.data           0x00802000        0x6 load address 0x00000932
                0x00802000                PROVIDE (__data_start, .)
 *(.data)
 *(.data*)
 .data.sleepmgr_configs
                0x00802000        0x6 src/ASF/common/services/sleepmgr/xmega/sleepmgr.o
                0x00802000                sleepmgr_configs
 *(.rodata)
 *(.rodata*)
 *(.gnu.linkonce.d*)
                0x00802006                . = ALIGN (0x2)
                0x00802006                _edata = .
                0x00802006                PROVIDE (__data_end, .)

.bss            0x00802006       0x10
                0x00802006                PROVIDE (__bss_start, .)
 *(.bss)
 *(.bss*)
 *(COMMON)
 COMMON         0x00802006        0x6 src/ASF/common/services/sleepmgr/xmega/sleepmgr.o
                0x00802006                sleepmgr_locks
 COMMON         0x0080200c        0x8 src/ASF/xmega/drivers/rtc/rtc.o
                0x0080200c                rtc_data
 COMMON         0x00802014        0x2 src/V2X/Real Time Clock/vrtc.o
                0x00802014                soft_counter
                0x00802016                PROVIDE (__bss_end, .)
                0x00000932                __data_load_start = LOADADDR (.data)
                0x00000938                __data_load_end = (__data_load_start + SIZEOF (.data))

.noinit         0x00802016        0x0
                0x00802016                PROVIDE (__noinit_start, .)
 *(.noinit*)
                0x00802016                PROVIDE (__noinit_end, .)
                0x00802016                _end = .
                0x00802016                PROVIDE (__heap_start, .)

.eeprom         0x00810000        0x0
 *(.eeprom*)
                0x00810000                __eeprom_end = .

.fuse
 *(.fuse)
 *(.lfuse)
 *(.hfuse)
 *(.efuse)

.lock
 *(.lock*)

.signature
 *(.signature*)

.user_signatures
 *(.user_signatures*)

.stab
 *(.stab)

.stabstr
 *(.stabstr)

.stab.excl
 *(.stab.excl)

.stab.exclstr
 *(.stab.exclstr)

.stab.index
 *(.stab.index)

.stab.indexstr
 *(.stab.indexstr)

.comment        0x00000000       0x30
 *(.comment)
 .comment       0x00000000       0x30 src/ASF/common/services/sleepmgr/xmega/sleepmgr.o
                                 0x31 (size before relaxing)
 .comment       0x00000030       0x31 src/ASF/xmega/drivers/rtc/rtc.o
 .comment       0x00000030       0x31 src/V2X/Power Sequence/powerSeq.o
 .comment       0x00000030       0x31 src/V2X/Real Time Clock/vrtc.o
 .comment       0x00000030       0x31 src/ASF/common/components/display/ssd1306/ssd1306.o
 .comment       0x00000030       0x31 src/ASF/common/services/clock/xmega/sysclk.o
 .comment       0x00000030       0x31 src/ASF/common/services/ioport/xmega/ioport_compat.o
 .comment       0x00000030       0x31 src/ASF/common/services/spi/xmega_spi/spi_master.o
 .comment       0x00000030       0x31 src/ASF/xmega/boards/xmega_a1u_xplained_pro/board_init.o
 .comment       0x00000030       0x31 src/ASF/xmega/drivers/spi/spi.o
 .comment       0x00000030       0x31 src/main.o

.note.gnu.avr.deviceinfo
                0x00000000       0x40
 .note.gnu.avr.deviceinfo
                0x00000000       0x40 C:/Program Files (x86)/Atmel/Studio/7.0/Packs/atmel/XMEGAA_DFP/1.0.36/gcc/dev/atxmega128a1u/avrxmega7/crtatxmega128a1u.o

.note.gnu.build-id
 *(.note.gnu.build-id)

.debug
 *(.debug)

.line
 *(.line)

.debug_srcinfo
 *(.debug_srcinfo)

.debug_sfnames
 *(.debug_sfnames)

.debug_aranges  0x00000000      0x230
 *(.debug_aranges)
 .debug_aranges
                0x00000000       0x18 src/ASF/common/services/sleepmgr/xmega/sleepmgr.o
 .debug_aranges
                0x00000018       0x50 src/ASF/xmega/drivers/rtc/rtc.o
 .debug_aranges
                0x00000068       0x48 src/V2X/Power Sequence/powerSeq.o
 .debug_aranges
                0x000000b0       0x48 src/V2X/Real Time Clock/vrtc.o
 .debug_aranges
                0x000000f8       0x30 src/ASF/common/components/display/ssd1306/ssd1306.o
 .debug_aranges
                0x00000128       0x40 src/ASF/common/services/clock/xmega/sysclk.o
 .debug_aranges
                0x00000168       0x20 src/ASF/common/services/ioport/xmega/ioport_compat.o
 .debug_aranges
                0x00000188       0x48 src/ASF/common/services/spi/xmega_spi/spi_master.o
 .debug_aranges
                0x000001d0       0x20 src/ASF/xmega/boards/xmega_a1u_xplained_pro/board_init.o
 .debug_aranges
                0x000001f0       0x20 src/ASF/xmega/drivers/spi/spi.o
 .debug_aranges
                0x00000210       0x20 src/main.o

.debug_pubnames
 *(.debug_pubnames)

.debug_info     0x00000000     0x4c83
 *(.debug_info .gnu.linkonce.wi.*)
 .debug_info    0x00000000      0x121 src/ASF/common/services/sleepmgr/xmega/sleepmgr.o
 .debug_info    0x00000121      0x6e9 src/ASF/xmega/drivers/rtc/rtc.o
 .debug_info    0x0000080a      0xcb8 src/V2X/Power Sequence/powerSeq.o
 .debug_info    0x000014c2      0xbe0 src/V2X/Real Time Clock/vrtc.o
 .debug_info    0x000020a2      0xcfc src/ASF/common/components/display/ssd1306/ssd1306.o
 .debug_info    0x00002d9e      0x813 src/ASF/common/services/clock/xmega/sysclk.o
 .debug_info    0x000035b1      0x11d src/ASF/common/services/ioport/xmega/ioport_compat.o
 .debug_info    0x000036ce      0xbb4 src/ASF/common/services/spi/xmega_spi/spi_master.o
 .debug_info    0x00004282      0x3ea src/ASF/xmega/boards/xmega_a1u_xplained_pro/board_init.o
 .debug_info    0x0000466c      0x1b9 src/ASF/xmega/drivers/spi/spi.o
 .debug_info    0x00004825      0x45e src/main.o

.debug_abbrev   0x00000000     0x169d
 *(.debug_abbrev)
 .debug_abbrev  0x00000000       0x80 src/ASF/common/services/sleepmgr/xmega/sleepmgr.o
 .debug_abbrev  0x00000080      0x2b2 src/ASF/xmega/drivers/rtc/rtc.o
 .debug_abbrev  0x00000332      0x2f7 src/V2X/Power Sequence/powerSeq.o
 .debug_abbrev  0x00000629      0x370 src/V2X/Real Time Clock/vrtc.o
 .debug_abbrev  0x00000999      0x2ee src/ASF/common/components/display/ssd1306/ssd1306.o
 .debug_abbrev  0x00000c87      0x26c src/ASF/common/services/clock/xmega/sysclk.o
 .debug_abbrev  0x00000ef3       0x93 src/ASF/common/services/ioport/xmega/ioport_compat.o
 .debug_abbrev  0x00000f86      0x29c src/ASF/common/services/spi/xmega_spi/spi_master.o
 .debug_abbrev  0x00001222      0x160 src/ASF/xmega/boards/xmega_a1u_xplained_pro/board_init.o
 .debug_abbrev  0x00001382       0xf6 src/ASF/xmega/drivers/spi/spi.o
 .debug_abbrev  0x00001478      0x225 src/main.o

.debug_line     0x00000000     0x511c
 *(.debug_line .debug_line.* .debug_line_end)
 .debug_line    0x00000000      0x456 src/ASF/common/services/sleepmgr/xmega/sleepmgr.o
 .debug_line    0x00000456      0x7c3 src/ASF/xmega/drivers/rtc/rtc.o
 .debug_line    0x00000c19      0xa85 src/V2X/Power Sequence/powerSeq.o
 .debug_line    0x0000169e      0xac9 src/V2X/Real Time Clock/vrtc.o
 .debug_line    0x00002167      0x8e0 src/ASF/common/components/display/ssd1306/ssd1306.o
 .debug_line    0x00002a47      0x668 src/ASF/common/services/clock/xmega/sysclk.o
 .debug_line    0x000030af      0x4b3 src/ASF/common/services/ioport/xmega/ioport_compat.o
 .debug_line    0x00003562      0x79f src/ASF/common/services/spi/xmega_spi/spi_master.o
 .debug_line    0x00003d01      0x4ea src/ASF/xmega/boards/xmega_a1u_xplained_pro/board_init.o
 .debug_line    0x000041eb      0x4f7 src/ASF/xmega/drivers/spi/spi.o
 .debug_line    0x000046e2      0xa3a src/main.o

.debug_frame    0x00000000      0x510
 *(.debug_frame)
 .debug_frame   0x00000000       0xf4 src/ASF/xmega/drivers/rtc/rtc.o
 .debug_frame   0x000000f4       0xe0 src/V2X/Power Sequence/powerSeq.o
 .debug_frame   0x000001d4       0xa0 src/V2X/Real Time Clock/vrtc.o
 .debug_frame   0x00000274       0xd0 src/ASF/common/components/display/ssd1306/ssd1306.o
 .debug_frame   0x00000344       0x64 src/ASF/common/services/clock/xmega/sysclk.o
 .debug_frame   0x000003a8       0x30 src/ASF/common/services/ioport/xmega/ioport_compat.o
 .debug_frame   0x000003d8       0xa4 src/ASF/common/services/spi/xmega_spi/spi_master.o
 .debug_frame   0x0000047c       0x24 src/ASF/xmega/boards/xmega_a1u_xplained_pro/board_init.o
 .debug_frame   0x000004a0       0x4c src/ASF/xmega/drivers/spi/spi.o
 .debug_frame   0x000004ec       0x24 src/main.o

.debug_str      0x00000000    0x2d890
 *(.debug_str)
 .debug_str     0x00000000    0x27fd5 src/ASF/common/services/sleepmgr/xmega/sleepmgr.o
                              0x2861f (size before relaxing)
 .debug_str     0x00027fd5     0x2e86 src/ASF/xmega/drivers/rtc/rtc.o
                              0x2b50a (size before relaxing)
 .debug_str     0x0002ae5b     0x19ee src/V2X/Power Sequence/powerSeq.o
                              0x2cc41 (size before relaxing)
 .debug_str     0x0002c849      0x818 src/V2X/Real Time Clock/vrtc.o
                              0x2d333 (size before relaxing)
 .debug_str     0x0002d061      0x1d4 src/ASF/common/components/display/ssd1306/ssd1306.o
                              0x2c2df (size before relaxing)
 .debug_str     0x0002d235      0x26b src/ASF/common/services/clock/xmega/sysclk.o
                              0x2b1df (size before relaxing)
 .debug_str     0x0002d4a0       0x41 src/ASF/common/services/ioport/xmega/ioport_compat.o
                              0x2891e (size before relaxing)
 .debug_str     0x0002d4e1      0x201 src/ASF/common/services/spi/xmega_spi/spi_master.o
                              0x2b9ee (size before relaxing)
 .debug_str     0x0002d6e2       0x47 src/ASF/xmega/boards/xmega_a1u_xplained_pro/board_init.o
                              0x2a9f5 (size before relaxing)
 .debug_str     0x0002d729       0xbf src/ASF/xmega/drivers/spi/spi.o
                              0x2899d (size before relaxing)
 .debug_str     0x0002d7e8       0xa8 src/main.o
                              0x2cf16 (size before relaxing)

.debug_loc      0x00000000     0x155d
 *(.debug_loc)
 .debug_loc     0x00000000      0x1d8 src/ASF/xmega/drivers/rtc/rtc.o
 .debug_loc     0x000001d8      0x355 src/V2X/Power Sequence/powerSeq.o
 .debug_loc     0x0000052d      0x2e1 src/V2X/Real Time Clock/vrtc.o
 .debug_loc     0x0000080e      0x445 src/ASF/common/components/display/ssd1306/ssd1306.o
 .debug_loc     0x00000c53      0x1ff src/ASF/common/services/clock/xmega/sysclk.o
 .debug_loc     0x00000e52       0x66 src/ASF/common/services/ioport/xmega/ioport_compat.o
 .debug_loc     0x00000eb8      0x531 src/ASF/common/services/spi/xmega_spi/spi_master.o
 .debug_loc     0x000013e9      0x105 src/ASF/xmega/drivers/spi/spi.o
 .debug_loc     0x000014ee       0x6f src/main.o

.debug_macinfo
 *(.debug_macinfo)

.debug_weaknames
 *(.debug_weaknames)

.debug_funcnames
 *(.debug_funcnames)

.debug_typenames
 *(.debug_typenames)

.debug_varnames
 *(.debug_varnames)

.debug_pubtypes
 *(.debug_pubtypes)

.debug_ranges   0x00000000      0x258
 *(.debug_ranges)
 .debug_ranges  0x00000000       0x40 src/ASF/xmega/drivers/rtc/rtc.o
 .debug_ranges  0x00000040       0x68 src/V2X/Power Sequence/powerSeq.o
 .debug_ranges  0x000000a8       0x68 src/V2X/Real Time Clock/vrtc.o
 .debug_ranges  0x00000110       0x50 src/ASF/common/components/display/ssd1306/ssd1306.o
 .debug_ranges  0x00000160       0x30 src/ASF/common/services/clock/xmega/sysclk.o
 .debug_ranges  0x00000190       0x10 src/ASF/common/services/ioport/xmega/ioport_compat.o
 .debug_ranges  0x000001a0       0x38 src/ASF/common/services/spi/xmega_spi/spi_master.o
 .debug_ranges  0x000001d8       0x10 src/ASF/xmega/boards/xmega_a1u_xplained_pro/board_init.o
 .debug_ranges  0x000001e8       0x10 src/ASF/xmega/drivers/spi/spi.o
 .debug_ranges  0x000001f8       0x60 src/main.o

.debug_macro    0x00000000     0xb947
 *(.debug_macro)
 .debug_macro   0x00000000      0x1a3 src/ASF/common/services/sleepmgr/xmega/sleepmgr.o
 .debug_macro   0x000001a3      0xa96 src/ASF/common/services/sleepmgr/xmega/sleepmgr.o
 .debug_macro   0x00000c39       0x10 src/ASF/common/services/sleepmgr/xmega/sleepmgr.o
 .debug_macro   0x00000c49      0x1ad src/ASF/common/services/sleepmgr/xmega/sleepmgr.o
 .debug_macro   0x00000df6      0x293 src/ASF/common/services/sleepmgr/xmega/sleepmgr.o
 .debug_macro   0x00001089       0x9e src/ASF/common/services/sleepmgr/xmega/sleepmgr.o
 .debug_macro   0x00001127     0x6780 src/ASF/common/services/sleepmgr/xmega/sleepmgr.o
 .debug_macro   0x000078a7       0x9a src/ASF/common/services/sleepmgr/xmega/sleepmgr.o
 .debug_macro   0x00007941       0xf1 src/ASF/common/services/sleepmgr/xmega/sleepmgr.o
 .debug_macro   0x00007a32       0x34 src/ASF/common/services/sleepmgr/xmega/sleepmgr.o
 .debug_macro   0x00007a66       0x10 src/ASF/common/services/sleepmgr/xmega/sleepmgr.o
 .debug_macro   0x00007a76       0x18 src/ASF/common/services/sleepmgr/xmega/sleepmgr.o
 .debug_macro   0x00007a8e       0x5e src/ASF/common/services/sleepmgr/xmega/sleepmgr.o
 .debug_macro   0x00007aec       0x10 src/ASF/common/services/sleepmgr/xmega/sleepmgr.o
 .debug_macro   0x00007afc       0x22 src/ASF/common/services/sleepmgr/xmega/sleepmgr.o
 .debug_macro   0x00007b1e      0x166 src/ASF/common/services/sleepmgr/xmega/sleepmgr.o
 .debug_macro   0x00007c84       0x1c src/ASF/common/services/sleepmgr/xmega/sleepmgr.o
 .debug_macro   0x00007ca0       0x35 src/ASF/common/services/sleepmgr/xmega/sleepmgr.o
 .debug_macro   0x00007cd5       0x66 src/ASF/common/services/sleepmgr/xmega/sleepmgr.o
 .debug_macro   0x00007d3b      0x4d1 src/ASF/common/services/sleepmgr/xmega/sleepmgr.o
 .debug_macro   0x0000820c       0x97 src/ASF/common/services/sleepmgr/xmega/sleepmgr.o
 .debug_macro   0x000082a3       0x17 src/ASF/common/services/sleepmgr/xmega/sleepmgr.o
 .debug_macro   0x000082ba      0x250 src/ASF/common/services/sleepmgr/xmega/sleepmgr.o
 .debug_macro   0x0000850a       0x76 src/ASF/common/services/sleepmgr/xmega/sleepmgr.o
 .debug_macro   0x00008580       0x16 src/ASF/common/services/sleepmgr/xmega/sleepmgr.o
 .debug_macro   0x00008596      0x6e3 src/ASF/common/services/sleepmgr/xmega/sleepmgr.o
 .debug_macro   0x00008c79       0x10 src/ASF/common/services/sleepmgr/xmega/sleepmgr.o
 .debug_macro   0x00008c89      0x175 src/ASF/common/services/sleepmgr/xmega/sleepmgr.o
 .debug_macro   0x00008dfe       0x40 src/ASF/common/services/sleepmgr/xmega/sleepmgr.o
 .debug_macro   0x00008e3e       0x69 src/ASF/common/services/sleepmgr/xmega/sleepmgr.o
 .debug_macro   0x00008ea7       0x32 src/ASF/common/services/sleepmgr/xmega/sleepmgr.o
 .debug_macro   0x00008ed9       0xe4 src/ASF/common/services/sleepmgr/xmega/sleepmgr.o
 .debug_macro   0x00008fbd       0x10 src/ASF/common/services/sleepmgr/xmega/sleepmgr.o
 .debug_macro   0x00008fcd       0x3b src/ASF/common/services/sleepmgr/xmega/sleepmgr.o
 .debug_macro   0x00009008      0x237 src/ASF/xmega/drivers/rtc/rtc.o
 .debug_macro   0x0000923f       0x28 src/ASF/xmega/drivers/rtc/rtc.o
 .debug_macro   0x00009267      0x248 src/ASF/xmega/drivers/rtc/rtc.o
 .debug_macro   0x000094af      0x530 src/ASF/xmega/drivers/rtc/rtc.o
 .debug_macro   0x000099df       0x7d src/ASF/xmega/drivers/rtc/rtc.o
 .debug_macro   0x00009a5c       0x2f src/ASF/xmega/drivers/rtc/rtc.o
 .debug_macro   0x00009a8b      0x154 src/ASF/xmega/drivers/rtc/rtc.o
 .debug_macro   0x00009bdf       0x1c src/ASF/xmega/drivers/rtc/rtc.o
 .debug_macro   0x00009bfb      0x321 src/V2X/Power Sequence/powerSeq.o
 .debug_macro   0x00009f1c       0x34 src/V2X/Power Sequence/powerSeq.o
 .debug_macro   0x00009f50       0x28 src/V2X/Power Sequence/powerSeq.o
 .debug_macro   0x00009f78       0x23 src/V2X/Power Sequence/powerSeq.o
 .debug_macro   0x00009f9b       0x9a src/V2X/Power Sequence/powerSeq.o
 .debug_macro   0x0000a035      0x109 src/V2X/Power Sequence/powerSeq.o
 .debug_macro   0x0000a13e       0x40 src/V2X/Power Sequence/powerSeq.o
 .debug_macro   0x0000a17e       0x26 src/V2X/Power Sequence/powerSeq.o
 .debug_macro   0x0000a1a4       0x2e src/V2X/Power Sequence/powerSeq.o
 .debug_macro   0x0000a1d2       0x10 src/V2X/Power Sequence/powerSeq.o
 .debug_macro   0x0000a1e2       0x40 src/V2X/Power Sequence/powerSeq.o
 .debug_macro   0x0000a222       0xff src/V2X/Power Sequence/powerSeq.o
 .debug_macro   0x0000a321       0x7c src/V2X/Power Sequence/powerSeq.o
 .debug_macro   0x0000a39d      0x35a src/V2X/Real Time Clock/vrtc.o
 .debug_macro   0x0000a6f7      0x274 src/ASF/common/components/display/ssd1306/ssd1306.o
 .debug_macro   0x0000a96b       0xf1 src/ASF/common/components/display/ssd1306/ssd1306.o
 .debug_macro   0x0000aa5c       0x12 src/ASF/common/components/display/ssd1306/ssd1306.o
 .debug_macro   0x0000aa6e      0x1eb src/ASF/common/services/clock/xmega/sysclk.o
 .debug_macro   0x0000ac59      0x193 src/ASF/common/services/ioport/xmega/ioport_compat.o
 .debug_macro   0x0000adec      0x235 src/ASF/common/services/spi/xmega_spi/spi_master.o
 .debug_macro   0x0000b021      0x1bc src/ASF/xmega/boards/xmega_a1u_xplained_pro/board_init.o
 .debug_macro   0x0000b1dd      0x242 src/ASF/xmega/boards/xmega_a1u_xplained_pro/board_init.o
 .debug_macro   0x0000b41f      0x1a7 src/ASF/xmega/drivers/spi/spi.o
 .debug_macro   0x0000b5c6      0x381 src/main.o
OUTPUT(JLR_LED.elf elf32-avr)
LOAD linker stubs

.BOOT           0x00020000        0x0
