Archive member included to satisfy reference by file (symbol)

c:/program files (x86)/atmel/studio/7.0/toolchain/avr8/avr8-gnu-toolchain/bin/../lib/gcc/avr/4.9.2/avrxmega2\libgcc.a(_udivmodsi4.o)
                              src/ASF/xmega/drivers/usart/usart.o (__udivmodsi4)
c:/program files (x86)/atmel/studio/7.0/toolchain/avr8/avr8-gnu-toolchain/bin/../lib/gcc/avr/4.9.2/avrxmega2\libgcc.a(_exit.o)
                              C:/Program Files (x86)/Atmel/Studio/7.0/Packs/atmel/XMEGAA_DFP/1.0.36/gcc/dev/atxmega16a4u/avrxmega2/crtatxmega16a4u.o (exit)
c:/program files (x86)/atmel/studio/7.0/toolchain/avr8/avr8-gnu-toolchain/bin/../lib/gcc/avr/4.9.2/avrxmega2\libgcc.a(_copy_data.o)
                              src/ASF/common/services/sleepmgr/xmega/sleepmgr.o (__do_copy_data)
c:/program files (x86)/atmel/studio/7.0/toolchain/avr8/avr8-gnu-toolchain/bin/../lib/gcc/avr/4.9.2/avrxmega2\libgcc.a(_clear_bss.o)
                              src/ASF/xmega/drivers/twi/twim.o (__do_clear_bss)
c:/program files (x86)/atmel/studio/7.0/toolchain/avr8/avr8-gnu-toolchain/bin/../lib/gcc/avr/4.9.2/../../../../avr/lib/avrxmega2\libc.a(memcpy.o)
                              src/ASF/xmega/drivers/nvm/nvm.o (memcpy)

Allocating common symbols
Common symbol       size              file

power               0x2               src/sequence.o
rtc_data            0x8               src/ASF/xmega/drivers/rtc/rtc.o
dma_data            0x8               src/ASF/xmega/drivers/dma/dma.o
sleepmgr_locks      0x6               src/ASF/common/services/sleepmgr/xmega/sleepmgr.o

Discarded input sections

 .data          0x00000000        0x0 C:/Program Files (x86)/Atmel/Studio/7.0/Packs/atmel/XMEGAA_DFP/1.0.36/gcc/dev/atxmega16a4u/avrxmega2/crtatxmega16a4u.o
 .bss           0x00000000        0x0 C:/Program Files (x86)/Atmel/Studio/7.0/Packs/atmel/XMEGAA_DFP/1.0.36/gcc/dev/atxmega16a4u/avrxmega2/crtatxmega16a4u.o
 .text          0x00000000        0x0 src/ASF/xmega/drivers/twi/twim.o
 .data          0x00000000        0x0 src/ASF/xmega/drivers/twi/twim.o
 .bss           0x00000000        0x0 src/ASF/xmega/drivers/twi/twim.o
 .text.twi_master_init
                0x00000000       0x2a src/ASF/xmega/drivers/twi/twim.o
 .text.twi_master_transfer
                0x00000000       0xa6 src/ASF/xmega/drivers/twi/twim.o
 .text          0x00000000        0x0 src/ASF/xmega/drivers/twi/twis.o
 .data          0x00000000        0x0 src/ASF/xmega/drivers/twi/twis.o
 .bss           0x00000000        0x0 src/ASF/xmega/drivers/twi/twis.o
 .text.TWI_SlaveInitializeDriver
                0x00000000       0x16 src/ASF/xmega/drivers/twi/twis.o
 .text.TWI_SlaveInitializeModule
                0x00000000       0x16 src/ASF/xmega/drivers/twi/twis.o
 .text.TWI_SlaveAddressMatchHandler
                0x00000000       0x42 src/ASF/xmega/drivers/twi/twis.o
 .text.TWI_SlaveStopHandler
                0x00000000       0x2a src/ASF/xmega/drivers/twi/twis.o
 .text.TWI_SlaveReadHandler
                0x00000000       0x74 src/ASF/xmega/drivers/twi/twis.o
 .text.TWI_SlaveWriteHandler
                0x00000000       0x60 src/ASF/xmega/drivers/twi/twis.o
 .text.TWI_SlaveDataHandler
                0x00000000       0x18 src/ASF/xmega/drivers/twi/twis.o
 .text.TWI_SlaveInterruptHandler
                0x00000000       0x5e src/ASF/xmega/drivers/twi/twis.o
 .text.TWI_SlaveTransactionFinished
                0x00000000        0x8 src/ASF/xmega/drivers/twi/twis.o
 .debug_info    0x00000000      0x712 src/ASF/xmega/drivers/twi/twis.o
 .debug_abbrev  0x00000000      0x264 src/ASF/xmega/drivers/twi/twis.o
 .debug_loc     0x00000000      0x3a9 src/ASF/xmega/drivers/twi/twis.o
 .debug_aranges
                0x00000000       0x60 src/ASF/xmega/drivers/twi/twis.o
 .debug_ranges  0x00000000       0x50 src/ASF/xmega/drivers/twi/twis.o
 .debug_line    0x00000000      0x396 src/ASF/xmega/drivers/twi/twis.o
 .debug_str     0x00000000      0x578 src/ASF/xmega/drivers/twi/twis.o
 .comment       0x00000000       0x31 src/ASF/xmega/drivers/twi/twis.o
 .debug_frame   0x00000000       0xb0 src/ASF/xmega/drivers/twi/twis.o
 .text          0x00000000        0x0 src/ASF/xmega/drivers/usart/usart.o
 .data          0x00000000        0x0 src/ASF/xmega/drivers/usart/usart.o
 .bss           0x00000000        0x0 src/ASF/xmega/drivers/usart/usart.o
 .text.usart_putchar
                0x00000000       0x10 src/ASF/xmega/drivers/usart/usart.o
 .text.usart_getchar
                0x00000000        0xc src/ASF/xmega/drivers/usart/usart.o
 .text.usart_set_bsel_bscale_value
                0x00000000       0x10 src/ASF/xmega/drivers/usart/usart.o
 .text.usart_set_baudrate_precalculated
                0x00000000       0xd0 src/ASF/xmega/drivers/usart/usart.o
 .text.usart_set_baudrate
                0x00000000      0x232 src/ASF/xmega/drivers/usart/usart.o
 .text.usart_init_rs232
                0x00000000      0x204 src/ASF/xmega/drivers/usart/usart.o
 .text.usart_spi_set_baudrate
                0x00000000       0x64 src/ASF/xmega/drivers/usart/usart.o
 .text.usart_init_spi
                0x00000000      0x304 src/ASF/xmega/drivers/usart/usart.o
 .progmem.data.baudctrl_32mhz
                0x00000000        0xe src/ASF/xmega/drivers/usart/usart.o
 .progmem.data.baudctrl_2mhz
                0x00000000        0xe src/ASF/xmega/drivers/usart/usart.o
 .debug_info    0x00000000     0x2d88 src/ASF/xmega/drivers/usart/usart.o
 .debug_abbrev  0x00000000      0x3dc src/ASF/xmega/drivers/usart/usart.o
 .debug_loc     0x00000000      0xff0 src/ASF/xmega/drivers/usart/usart.o
 .debug_aranges
                0x00000000       0x58 src/ASF/xmega/drivers/usart/usart.o
 .debug_ranges  0x00000000       0x80 src/ASF/xmega/drivers/usart/usart.o
 .debug_line    0x00000000      0x815 src/ASF/xmega/drivers/usart/usart.o
 .debug_str     0x00000000     0x135f src/ASF/xmega/drivers/usart/usart.o
 .comment       0x00000000       0x31 src/ASF/xmega/drivers/usart/usart.o
 .debug_frame   0x00000000      0x154 src/ASF/xmega/drivers/usart/usart.o
 .text          0x00000000        0x0 src/sequence.o
 .data          0x00000000        0x0 src/sequence.o
 .bss           0x00000000        0x0 src/sequence.o
 .text.turn_on  0x00000000       0x1a src/sequence.o
 .text.turn_off
                0x00000000       0x1a src/sequence.o
 COMMON         0x00000000        0x2 src/sequence.o
 .text          0x00000000        0x0 src/ASF/common/services/spi/xmega_usart_spi/usart_spi.o
 .data          0x00000000        0x0 src/ASF/common/services/spi/xmega_usart_spi/usart_spi.o
 .bss           0x00000000        0x0 src/ASF/common/services/spi/xmega_usart_spi/usart_spi.o
 .text.usart_spi_init
                0x00000000       0x58 src/ASF/common/services/spi/xmega_usart_spi/usart_spi.o
 .text.usart_spi_setup_device
                0x00000000       0x38 src/ASF/common/services/spi/xmega_usart_spi/usart_spi.o
 .text.usart_spi_write_packet
                0x00000000       0x2e src/ASF/common/services/spi/xmega_usart_spi/usart_spi.o
 .text.usart_spi_read_packet
                0x00000000       0x30 src/ASF/common/services/spi/xmega_usart_spi/usart_spi.o
 .text.usart_spi_select_device
                0x00000000       0x2c src/ASF/common/services/spi/xmega_usart_spi/usart_spi.o
 .text.usart_spi_deselect_device
                0x00000000       0x2c src/ASF/common/services/spi/xmega_usart_spi/usart_spi.o
 .debug_info    0x00000000      0xbb4 src/ASF/common/services/spi/xmega_usart_spi/usart_spi.o
 .debug_abbrev  0x00000000      0x2ea src/ASF/common/services/spi/xmega_usart_spi/usart_spi.o
 .debug_loc     0x00000000      0x56b src/ASF/common/services/spi/xmega_usart_spi/usart_spi.o
 .debug_aranges
                0x00000000       0x48 src/ASF/common/services/spi/xmega_usart_spi/usart_spi.o
 .debug_ranges  0x00000000       0x98 src/ASF/common/services/spi/xmega_usart_spi/usart_spi.o
 .debug_line    0x00000000      0x41d src/ASF/common/services/spi/xmega_usart_spi/usart_spi.o
 .debug_str     0x00000000      0x761 src/ASF/common/services/spi/xmega_usart_spi/usart_spi.o
 .comment       0x00000000       0x31 src/ASF/common/services/spi/xmega_usart_spi/usart_spi.o
 .debug_frame   0x00000000       0x90 src/ASF/common/services/spi/xmega_usart_spi/usart_spi.o
 .text          0x00000000        0x0 src/ASF/common/services/spi/xmega_spi/spi_master.o
 .data          0x00000000        0x0 src/ASF/common/services/spi/xmega_spi/spi_master.o
 .bss           0x00000000        0x0 src/ASF/common/services/spi/xmega_spi/spi_master.o
 .text.spi_master_init
                0x00000000       0x32 src/ASF/common/services/spi/xmega_spi/spi_master.o
 .text.spi_master_setup_device
                0x00000000       0x3e src/ASF/common/services/spi/xmega_spi/spi_master.o
 .text.spi_write_packet
                0x00000000       0x1e src/ASF/common/services/spi/xmega_spi/spi_master.o
 .text.spi_read_packet
                0x00000000       0x26 src/ASF/common/services/spi/xmega_spi/spi_master.o
 .text.spi_select_device
                0x00000000       0x2c src/ASF/common/services/spi/xmega_spi/spi_master.o
 .text.spi_deselect_device
                0x00000000       0x2c src/ASF/common/services/spi/xmega_spi/spi_master.o
 .debug_info    0x00000000      0xb80 src/ASF/common/services/spi/xmega_spi/spi_master.o
 .debug_abbrev  0x00000000      0x299 src/ASF/common/services/spi/xmega_spi/spi_master.o
 .debug_loc     0x00000000      0x537 src/ASF/common/services/spi/xmega_spi/spi_master.o
 .debug_aranges
                0x00000000       0x48 src/ASF/common/services/spi/xmega_spi/spi_master.o
 .debug_ranges  0x00000000       0x38 src/ASF/common/services/spi/xmega_spi/spi_master.o
 .debug_line    0x00000000      0x3d4 src/ASF/common/services/spi/xmega_spi/spi_master.o
 .debug_str     0x00000000      0x892 src/ASF/common/services/spi/xmega_spi/spi_master.o
 .comment       0x00000000       0x31 src/ASF/common/services/spi/xmega_spi/spi_master.o
 .debug_frame   0x00000000       0x9c src/ASF/common/services/spi/xmega_spi/spi_master.o
 .text          0x00000000        0x0 src/ASF/common/services/sleepmgr/xmega/sleepmgr.o
 .data          0x00000000        0x0 src/ASF/common/services/sleepmgr/xmega/sleepmgr.o
 .bss           0x00000000        0x0 src/ASF/common/services/sleepmgr/xmega/sleepmgr.o
 .data.sleepmgr_configs
                0x00000000        0x6 src/ASF/common/services/sleepmgr/xmega/sleepmgr.o
 .debug_info    0x00000000      0x11d src/ASF/common/services/sleepmgr/xmega/sleepmgr.o
 .debug_abbrev  0x00000000       0x7d src/ASF/common/services/sleepmgr/xmega/sleepmgr.o
 .debug_aranges
                0x00000000       0x18 src/ASF/common/services/sleepmgr/xmega/sleepmgr.o
 .debug_line    0x00000000      0x122 src/ASF/common/services/sleepmgr/xmega/sleepmgr.o
 .debug_str     0x00000000      0x2d2 src/ASF/common/services/sleepmgr/xmega/sleepmgr.o
 .comment       0x00000000       0x31 src/ASF/common/services/sleepmgr/xmega/sleepmgr.o
 COMMON         0x00000000        0x6 src/ASF/common/services/sleepmgr/xmega/sleepmgr.o
 .text          0x00000000        0x0 src/ASF/common/services/ioport/xmega/ioport_compat.o
 .data          0x00000000        0x0 src/ASF/common/services/ioport/xmega/ioport_compat.o
 .bss           0x00000000        0x0 src/ASF/common/services/ioport/xmega/ioport_compat.o
 .text          0x00000000        0x0 src/ASF/common/services/clock/xmega/sysclk.o
 .data          0x00000000        0x0 src/ASF/common/services/clock/xmega/sysclk.o
 .bss           0x00000000        0x0 src/ASF/common/services/clock/xmega/sysclk.o
 .text.sysclk_enable_module
                0x00000000       0x18 src/ASF/common/services/clock/xmega/sysclk.o
 .text.sysclk_disable_module
                0x00000000       0x16 src/ASF/common/services/clock/xmega/sysclk.o
 .text.sysclk_enable_usb
                0x00000000       0x3c src/ASF/common/services/clock/xmega/sysclk.o
 .text.sysclk_disable_usb
                0x00000000       0x14 src/ASF/common/services/clock/xmega/sysclk.o
 .text          0x00000000        0x0 src/ASF/common/services/hugemem/avr8/avr8_hugemem.o
 .data          0x00000000        0x0 src/ASF/common/services/hugemem/avr8/avr8_hugemem.o
 .bss           0x00000000        0x0 src/ASF/common/services/hugemem/avr8/avr8_hugemem.o
 .debug_info    0x00000000       0x6b src/ASF/common/services/hugemem/avr8/avr8_hugemem.o
 .debug_abbrev  0x00000000       0x26 src/ASF/common/services/hugemem/avr8/avr8_hugemem.o
 .debug_aranges
                0x00000000       0x18 src/ASF/common/services/hugemem/avr8/avr8_hugemem.o
 .debug_line    0x00000000       0x1a src/ASF/common/services/hugemem/avr8/avr8_hugemem.o
 .debug_str     0x00000000      0x1b4 src/ASF/common/services/hugemem/avr8/avr8_hugemem.o
 .comment       0x00000000       0x31 src/ASF/common/services/hugemem/avr8/avr8_hugemem.o
 .text          0x00000000        0x0 src/ASF/xmega/drivers/dma/dma.o
 .data          0x00000000        0x0 src/ASF/xmega/drivers/dma/dma.o
 .bss           0x00000000        0x0 src/ASF/xmega/drivers/dma/dma.o
 .text.dma_enable
                0x00000000       0x30 src/ASF/xmega/drivers/dma/dma.o
 .text.dma_disable
                0x00000000       0x28 src/ASF/xmega/drivers/dma/dma.o
 .text.dma_set_callback
                0x00000000       0x12 src/ASF/xmega/drivers/dma/dma.o
 .text.dma_channel_write_config
                0x00000000       0x72 src/ASF/xmega/drivers/dma/dma.o
 .text.dma_channel_read_config
                0x00000000       0x6c src/ASF/xmega/drivers/dma/dma.o
 .text          0x00000000        0x0 src/ASF/xmega/drivers/nvm/nvm.o
 .data          0x00000000        0x0 src/ASF/xmega/drivers/nvm/nvm.o
 .bss           0x00000000        0x0 src/ASF/xmega/drivers/nvm/nvm.o
 .text.nvm_read_device_serial
                0x00000000       0x90 src/ASF/xmega/drivers/nvm/nvm.o
 .text.nvm_eeprom_read_byte
                0x00000000       0x22 src/ASF/xmega/drivers/nvm/nvm.o
 .text.nvm_eeprom_read_buffer
                0x00000000       0x32 src/ASF/xmega/drivers/nvm/nvm.o
 .text.nvm_eeprom_flush_buffer
                0x00000000       0x24 src/ASF/xmega/drivers/nvm/nvm.o
 .text.nvm_eeprom_load_byte_to_buffer
                0x00000000       0x24 src/ASF/xmega/drivers/nvm/nvm.o
 .text.nvm_eeprom_write_byte
                0x00000000       0x50 src/ASF/xmega/drivers/nvm/nvm.o
 .text.nvm_eeprom_load_page_to_buffer
                0x00000000       0x40 src/ASF/xmega/drivers/nvm/nvm.o
 .text.nvm_eeprom_atomic_write_page
                0x00000000       0x3c src/ASF/xmega/drivers/nvm/nvm.o
 .text.nvm_eeprom_erase_and_write_buffer
                0x00000000       0x86 src/ASF/xmega/drivers/nvm/nvm.o
 .text.nvm_eeprom_split_write_page
                0x00000000       0x3c src/ASF/xmega/drivers/nvm/nvm.o
 .text.nvm_eeprom_fill_buffer_with_value
                0x00000000       0x2a src/ASF/xmega/drivers/nvm/nvm.o
 .text.nvm_eeprom_erase_bytes_in_page
                0x00000000       0x3c src/ASF/xmega/drivers/nvm/nvm.o
 .text.nvm_eeprom_erase_page
                0x00000000       0x14 src/ASF/xmega/drivers/nvm/nvm.o
 .text.nvm_eeprom_erase_bytes_in_all_pages
                0x00000000       0x2e src/ASF/xmega/drivers/nvm/nvm.o
 .text.nvm_eeprom_erase_all
                0x00000000        0xc src/ASF/xmega/drivers/nvm/nvm.o
 .text.nvm_issue_flash_range_crc
                0x00000000       0x2c src/ASF/xmega/drivers/nvm/nvm.o
 .text.nvm_flash_read_buffer
                0x00000000       0x36 src/ASF/xmega/drivers/nvm/nvm.o
 .text.nvm_user_sig_read_buffer
                0x00000000       0x3c src/ASF/xmega/drivers/nvm/nvm.o
 .text.nvm_user_sig_write_buffer
                0x00000000      0x158 src/ASF/xmega/drivers/nvm/nvm.o
 .text.nvm_flash_erase_and_write_buffer
                0x00000000      0x172 src/ASF/xmega/drivers/nvm/nvm.o
 .text.nvm_fuses_read
                0x00000000       0x32 src/ASF/xmega/drivers/nvm/nvm.o
 .debug_info    0x00000000     0x13a2 src/ASF/xmega/drivers/nvm/nvm.o
 .debug_abbrev  0x00000000      0x3f1 src/ASF/xmega/drivers/nvm/nvm.o
 .debug_loc     0x00000000     0x11f9 src/ASF/xmega/drivers/nvm/nvm.o
 .debug_aranges
                0x00000000       0xc0 src/ASF/xmega/drivers/nvm/nvm.o
 .debug_ranges  0x00000000       0xc8 src/ASF/xmega/drivers/nvm/nvm.o
 .debug_line    0x00000000      0x88b src/ASF/xmega/drivers/nvm/nvm.o
 .debug_str     0x00000000      0xb4f src/ASF/xmega/drivers/nvm/nvm.o
 .comment       0x00000000       0x31 src/ASF/xmega/drivers/nvm/nvm.o
 .debug_frame   0x00000000      0x340 src/ASF/xmega/drivers/nvm/nvm.o
 .text          0x00000000        0x0 src/ASF/xmega/drivers/rtc/rtc.o
 .data          0x00000000        0x0 src/ASF/xmega/drivers/rtc/rtc.o
 .bss           0x00000000        0x0 src/ASF/xmega/drivers/rtc/rtc.o
 .text.rtc_alarm_has_triggered
                0x00000000       0x10 src/ASF/xmega/drivers/rtc/rtc.o
 .text.rtc_set_time
                0x00000000       0x24 src/ASF/xmega/drivers/rtc/rtc.o
 .text.rtc_get_time
                0x00000000       0x58 src/ASF/xmega/drivers/rtc/rtc.o
 .text.rtc_set_alarm
                0x00000000       0x30 src/ASF/xmega/drivers/rtc/rtc.o
 .text.rtc_set_callback
                0x00000000        0xa src/ASF/xmega/drivers/rtc/rtc.o
 .text.rtc_init
                0x00000000       0x40 src/ASF/xmega/drivers/rtc/rtc.o
 .text          0x00000000        0x0 src/ASF/xmega/drivers/spi/spi.o
 .data          0x00000000        0x0 src/ASF/xmega/drivers/spi/spi.o
 .bss           0x00000000        0x0 src/ASF/xmega/drivers/spi/spi.o
 .text.spi_xmega_set_baud_div
                0x00000000       0x90 src/ASF/xmega/drivers/spi/spi.o
 .debug_info    0x00000000      0x1b5 src/ASF/xmega/drivers/spi/spi.o
 .debug_abbrev  0x00000000       0xf3 src/ASF/xmega/drivers/spi/spi.o
 .debug_loc     0x00000000      0x105 src/ASF/xmega/drivers/spi/spi.o
 .debug_aranges
                0x00000000       0x20 src/ASF/xmega/drivers/spi/spi.o
 .debug_ranges  0x00000000       0x10 src/ASF/xmega/drivers/spi/spi.o
 .debug_line    0x00000000      0x184 src/ASF/xmega/drivers/spi/spi.o
 .debug_str     0x00000000      0x2a1 src/ASF/xmega/drivers/spi/spi.o
 .comment       0x00000000       0x31 src/ASF/xmega/drivers/spi/spi.o
 .debug_frame   0x00000000       0x4c src/ASF/xmega/drivers/spi/spi.o
 .text          0x00000000        0x0 src/ASF/xmega/drivers/nvm/nvm_asm.o
 .data          0x00000000        0x0 src/ASF/xmega/drivers/nvm/nvm_asm.o
 .bss           0x00000000        0x0 src/ASF/xmega/drivers/nvm/nvm_asm.o
 .text.nvm_read_byte
                0x00000000       0x14 src/ASF/xmega/drivers/nvm/nvm_asm.o
 .BOOT          0x00000000       0x44 src/ASF/xmega/drivers/nvm/nvm_asm.o
 .debug_line    0x00000000      0x11f src/ASF/xmega/drivers/nvm/nvm_asm.o
 .debug_info    0x00000000       0x9d src/ASF/xmega/drivers/nvm/nvm_asm.o
 .debug_abbrev  0x00000000       0x12 src/ASF/xmega/drivers/nvm/nvm_asm.o
 .debug_aranges
                0x00000000       0x28 src/ASF/xmega/drivers/nvm/nvm_asm.o
 .debug_ranges  0x00000000       0x20 src/ASF/xmega/drivers/nvm/nvm_asm.o
 .text          0x00000000        0x0 src/ASF/xmega/drivers/cpu/ccp.o
 .data          0x00000000        0x0 src/ASF/xmega/drivers/cpu/ccp.o
 .bss           0x00000000        0x0 src/ASF/xmega/drivers/cpu/ccp.o
 .text.ccp_write_io
                0x00000000        0xc src/ASF/xmega/drivers/cpu/ccp.o
 .debug_line    0x00000000       0x6e src/ASF/xmega/drivers/cpu/ccp.o
 .debug_info    0x00000000       0x9d src/ASF/xmega/drivers/cpu/ccp.o
 .debug_abbrev  0x00000000       0x14 src/ASF/xmega/drivers/cpu/ccp.o
 .debug_aranges
                0x00000000       0x20 src/ASF/xmega/drivers/cpu/ccp.o
 .text          0x00000000        0x0 src/ASF/common/boards/user_board/init.o
 .data          0x00000000        0x0 src/ASF/common/boards/user_board/init.o
 .bss           0x00000000        0x0 src/ASF/common/boards/user_board/init.o
 .text          0x00000000        0x0 src/main.o
 .data          0x00000000        0x0 src/main.o
 .bss           0x00000000        0x0 src/main.o
 .text          0x00000000        0x0 c:/program files (x86)/atmel/studio/7.0/toolchain/avr8/avr8-gnu-toolchain/bin/../lib/gcc/avr/4.9.2/avrxmega2\libgcc.a(_udivmodsi4.o)
 .data          0x00000000        0x0 c:/program files (x86)/atmel/studio/7.0/toolchain/avr8/avr8-gnu-toolchain/bin/../lib/gcc/avr/4.9.2/avrxmega2\libgcc.a(_udivmodsi4.o)
 .bss           0x00000000        0x0 c:/program files (x86)/atmel/studio/7.0/toolchain/avr8/avr8-gnu-toolchain/bin/../lib/gcc/avr/4.9.2/avrxmega2\libgcc.a(_udivmodsi4.o)
 .text.libgcc.mul
                0x00000000        0x0 c:/program files (x86)/atmel/studio/7.0/toolchain/avr8/avr8-gnu-toolchain/bin/../lib/gcc/avr/4.9.2/avrxmega2\libgcc.a(_udivmodsi4.o)
 .text.libgcc.div
                0x00000000       0x44 c:/program files (x86)/atmel/studio/7.0/toolchain/avr8/avr8-gnu-toolchain/bin/../lib/gcc/avr/4.9.2/avrxmega2\libgcc.a(_udivmodsi4.o)
 .text.libgcc   0x00000000        0x0 c:/program files (x86)/atmel/studio/7.0/toolchain/avr8/avr8-gnu-toolchain/bin/../lib/gcc/avr/4.9.2/avrxmega2\libgcc.a(_udivmodsi4.o)
 .text.libgcc.prologue
                0x00000000        0x0 c:/program files (x86)/atmel/studio/7.0/toolchain/avr8/avr8-gnu-toolchain/bin/../lib/gcc/avr/4.9.2/avrxmega2\libgcc.a(_udivmodsi4.o)
 .text.libgcc.builtins
                0x00000000        0x0 c:/program files (x86)/atmel/studio/7.0/toolchain/avr8/avr8-gnu-toolchain/bin/../lib/gcc/avr/4.9.2/avrxmega2\libgcc.a(_udivmodsi4.o)
 .text.libgcc.fmul
                0x00000000        0x0 c:/program files (x86)/atmel/studio/7.0/toolchain/avr8/avr8-gnu-toolchain/bin/../lib/gcc/avr/4.9.2/avrxmega2\libgcc.a(_udivmodsi4.o)
 .text.libgcc.fixed
                0x00000000        0x0 c:/program files (x86)/atmel/studio/7.0/toolchain/avr8/avr8-gnu-toolchain/bin/../lib/gcc/avr/4.9.2/avrxmega2\libgcc.a(_udivmodsi4.o)
 .text          0x00000000        0x0 c:/program files (x86)/atmel/studio/7.0/toolchain/avr8/avr8-gnu-toolchain/bin/../lib/gcc/avr/4.9.2/avrxmega2\libgcc.a(_exit.o)
 .data          0x00000000        0x0 c:/program files (x86)/atmel/studio/7.0/toolchain/avr8/avr8-gnu-toolchain/bin/../lib/gcc/avr/4.9.2/avrxmega2\libgcc.a(_exit.o)
 .bss           0x00000000        0x0 c:/program files (x86)/atmel/studio/7.0/toolchain/avr8/avr8-gnu-toolchain/bin/../lib/gcc/avr/4.9.2/avrxmega2\libgcc.a(_exit.o)
 .text.libgcc.mul
                0x00000000        0x0 c:/program files (x86)/atmel/studio/7.0/toolchain/avr8/avr8-gnu-toolchain/bin/../lib/gcc/avr/4.9.2/avrxmega2\libgcc.a(_exit.o)
 .text.libgcc.div
                0x00000000        0x0 c:/program files (x86)/atmel/studio/7.0/toolchain/avr8/avr8-gnu-toolchain/bin/../lib/gcc/avr/4.9.2/avrxmega2\libgcc.a(_exit.o)
 .text.libgcc   0x00000000        0x0 c:/program files (x86)/atmel/studio/7.0/toolchain/avr8/avr8-gnu-toolchain/bin/../lib/gcc/avr/4.9.2/avrxmega2\libgcc.a(_exit.o)
 .text.libgcc.prologue
                0x00000000        0x0 c:/program files (x86)/atmel/studio/7.0/toolchain/avr8/avr8-gnu-toolchain/bin/../lib/gcc/avr/4.9.2/avrxmega2\libgcc.a(_exit.o)
 .text.libgcc.builtins
                0x00000000        0x0 c:/program files (x86)/atmel/studio/7.0/toolchain/avr8/avr8-gnu-toolchain/bin/../lib/gcc/avr/4.9.2/avrxmega2\libgcc.a(_exit.o)
 .text.libgcc.fmul
                0x00000000        0x0 c:/program files (x86)/atmel/studio/7.0/toolchain/avr8/avr8-gnu-toolchain/bin/../lib/gcc/avr/4.9.2/avrxmega2\libgcc.a(_exit.o)
 .text.libgcc.fixed
                0x00000000        0x0 c:/program files (x86)/atmel/studio/7.0/toolchain/avr8/avr8-gnu-toolchain/bin/../lib/gcc/avr/4.9.2/avrxmega2\libgcc.a(_exit.o)
 .text          0x00000000        0x0 c:/program files (x86)/atmel/studio/7.0/toolchain/avr8/avr8-gnu-toolchain/bin/../lib/gcc/avr/4.9.2/avrxmega2\libgcc.a(_copy_data.o)
 .data          0x00000000        0x0 c:/program files (x86)/atmel/studio/7.0/toolchain/avr8/avr8-gnu-toolchain/bin/../lib/gcc/avr/4.9.2/avrxmega2\libgcc.a(_copy_data.o)
 .bss           0x00000000        0x0 c:/program files (x86)/atmel/studio/7.0/toolchain/avr8/avr8-gnu-toolchain/bin/../lib/gcc/avr/4.9.2/avrxmega2\libgcc.a(_copy_data.o)
 .text.libgcc.mul
                0x00000000        0x0 c:/program files (x86)/atmel/studio/7.0/toolchain/avr8/avr8-gnu-toolchain/bin/../lib/gcc/avr/4.9.2/avrxmega2\libgcc.a(_copy_data.o)
 .text.libgcc.div
                0x00000000        0x0 c:/program files (x86)/atmel/studio/7.0/toolchain/avr8/avr8-gnu-toolchain/bin/../lib/gcc/avr/4.9.2/avrxmega2\libgcc.a(_copy_data.o)
 .text.libgcc   0x00000000        0x0 c:/program files (x86)/atmel/studio/7.0/toolchain/avr8/avr8-gnu-toolchain/bin/../lib/gcc/avr/4.9.2/avrxmega2\libgcc.a(_copy_data.o)
 .text.libgcc.prologue
                0x00000000        0x0 c:/program files (x86)/atmel/studio/7.0/toolchain/avr8/avr8-gnu-toolchain/bin/../lib/gcc/avr/4.9.2/avrxmega2\libgcc.a(_copy_data.o)
 .text.libgcc.builtins
                0x00000000        0x0 c:/program files (x86)/atmel/studio/7.0/toolchain/avr8/avr8-gnu-toolchain/bin/../lib/gcc/avr/4.9.2/avrxmega2\libgcc.a(_copy_data.o)
 .text.libgcc.fmul
                0x00000000        0x0 c:/program files (x86)/atmel/studio/7.0/toolchain/avr8/avr8-gnu-toolchain/bin/../lib/gcc/avr/4.9.2/avrxmega2\libgcc.a(_copy_data.o)
 .text.libgcc.fixed
                0x00000000        0x0 c:/program files (x86)/atmel/studio/7.0/toolchain/avr8/avr8-gnu-toolchain/bin/../lib/gcc/avr/4.9.2/avrxmega2\libgcc.a(_copy_data.o)
 .text          0x00000000        0x0 c:/program files (x86)/atmel/studio/7.0/toolchain/avr8/avr8-gnu-toolchain/bin/../lib/gcc/avr/4.9.2/avrxmega2\libgcc.a(_clear_bss.o)
 .data          0x00000000        0x0 c:/program files (x86)/atmel/studio/7.0/toolchain/avr8/avr8-gnu-toolchain/bin/../lib/gcc/avr/4.9.2/avrxmega2\libgcc.a(_clear_bss.o)
 .bss           0x00000000        0x0 c:/program files (x86)/atmel/studio/7.0/toolchain/avr8/avr8-gnu-toolchain/bin/../lib/gcc/avr/4.9.2/avrxmega2\libgcc.a(_clear_bss.o)
 .text.libgcc.mul
                0x00000000        0x0 c:/program files (x86)/atmel/studio/7.0/toolchain/avr8/avr8-gnu-toolchain/bin/../lib/gcc/avr/4.9.2/avrxmega2\libgcc.a(_clear_bss.o)
 .text.libgcc.div
                0x00000000        0x0 c:/program files (x86)/atmel/studio/7.0/toolchain/avr8/avr8-gnu-toolchain/bin/../lib/gcc/avr/4.9.2/avrxmega2\libgcc.a(_clear_bss.o)
 .text.libgcc   0x00000000        0x0 c:/program files (x86)/atmel/studio/7.0/toolchain/avr8/avr8-gnu-toolchain/bin/../lib/gcc/avr/4.9.2/avrxmega2\libgcc.a(_clear_bss.o)
 .text.libgcc.prologue
                0x00000000        0x0 c:/program files (x86)/atmel/studio/7.0/toolchain/avr8/avr8-gnu-toolchain/bin/../lib/gcc/avr/4.9.2/avrxmega2\libgcc.a(_clear_bss.o)
 .text.libgcc.builtins
                0x00000000        0x0 c:/program files (x86)/atmel/studio/7.0/toolchain/avr8/avr8-gnu-toolchain/bin/../lib/gcc/avr/4.9.2/avrxmega2\libgcc.a(_clear_bss.o)
 .text.libgcc.fmul
                0x00000000        0x0 c:/program files (x86)/atmel/studio/7.0/toolchain/avr8/avr8-gnu-toolchain/bin/../lib/gcc/avr/4.9.2/avrxmega2\libgcc.a(_clear_bss.o)
 .text.libgcc.fixed
                0x00000000        0x0 c:/program files (x86)/atmel/studio/7.0/toolchain/avr8/avr8-gnu-toolchain/bin/../lib/gcc/avr/4.9.2/avrxmega2\libgcc.a(_clear_bss.o)
 .text          0x00000000        0x0 c:/program files (x86)/atmel/studio/7.0/toolchain/avr8/avr8-gnu-toolchain/bin/../lib/gcc/avr/4.9.2/../../../../avr/lib/avrxmega2\libc.a(memcpy.o)
 .data          0x00000000        0x0 c:/program files (x86)/atmel/studio/7.0/toolchain/avr8/avr8-gnu-toolchain/bin/../lib/gcc/avr/4.9.2/../../../../avr/lib/avrxmega2\libc.a(memcpy.o)
 .bss           0x00000000        0x0 c:/program files (x86)/atmel/studio/7.0/toolchain/avr8/avr8-gnu-toolchain/bin/../lib/gcc/avr/4.9.2/../../../../avr/lib/avrxmega2\libc.a(memcpy.o)
 .text.avr-libc
                0x00000000       0x12 c:/program files (x86)/atmel/studio/7.0/toolchain/avr8/avr8-gnu-toolchain/bin/../lib/gcc/avr/4.9.2/../../../../avr/lib/avrxmega2\libc.a(memcpy.o)

Memory Configuration

Name             Origin             Length             Attributes
text             0x00000000         0x00100000         xr
data             0x00802000         0x0000ffa0         rw !x
eeprom           0x00810000         0x00010000         rw !x
fuse             0x00820000         0x00000400         rw !x
lock             0x00830000         0x00000400         rw !x
signature        0x00840000         0x00000400         rw !x
user_signatures  0x00850000         0x00000400         rw !x
*default*        0x00000000         0xffffffff

Linker script and memory map

LOAD C:/Program Files (x86)/Atmel/Studio/7.0/Packs/atmel/XMEGAA_DFP/1.0.36/gcc/dev/atxmega16a4u/avrxmega2/crtatxmega16a4u.o
LOAD src/ASF/xmega/drivers/twi/twim.o
LOAD src/ASF/xmega/drivers/twi/twis.o
LOAD src/ASF/xmega/drivers/usart/usart.o
LOAD src/sequence.o
LOAD src/ASF/common/services/spi/xmega_usart_spi/usart_spi.o
LOAD src/ASF/common/services/spi/xmega_spi/spi_master.o
LOAD src/ASF/common/services/sleepmgr/xmega/sleepmgr.o
LOAD src/ASF/common/services/ioport/xmega/ioport_compat.o
LOAD src/ASF/common/services/clock/xmega/sysclk.o
LOAD src/ASF/common/services/hugemem/avr8/avr8_hugemem.o
LOAD src/ASF/xmega/drivers/dma/dma.o
LOAD src/ASF/xmega/drivers/nvm/nvm.o
LOAD src/ASF/xmega/drivers/rtc/rtc.o
LOAD src/ASF/xmega/drivers/spi/spi.o
LOAD src/ASF/xmega/drivers/nvm/nvm_asm.o
LOAD src/ASF/xmega/drivers/cpu/ccp.o
LOAD src/ASF/common/boards/user_board/init.o
LOAD src/main.o
START GROUP
LOAD c:/program files (x86)/atmel/studio/7.0/toolchain/avr8/avr8-gnu-toolchain/bin/../lib/gcc/avr/4.9.2/../../../../avr/lib/avrxmega2\libm.a
END GROUP
START GROUP
LOAD c:/program files (x86)/atmel/studio/7.0/toolchain/avr8/avr8-gnu-toolchain/bin/../lib/gcc/avr/4.9.2/avrxmega2\libgcc.a
LOAD c:/program files (x86)/atmel/studio/7.0/toolchain/avr8/avr8-gnu-toolchain/bin/../lib/gcc/avr/4.9.2/../../../../avr/lib/avrxmega2\libm.a
LOAD c:/program files (x86)/atmel/studio/7.0/toolchain/avr8/avr8-gnu-toolchain/bin/../lib/gcc/avr/4.9.2/../../../../avr/lib/avrxmega2\libc.a
LOAD C:/Program Files (x86)/Atmel/Studio/7.0/Packs/atmel/XMEGAA_DFP/1.0.36/gcc/dev/atxmega16a4u/avrxmega2\libatxmega16a4u.a
END GROUP

.hash
 *(.hash)

.dynsym
 *(.dynsym)

.dynstr
 *(.dynstr)

.gnu.version
 *(.gnu.version)

.gnu.version_d
 *(.gnu.version_d)

.gnu.version_r
 *(.gnu.version_r)

.rel.init
 *(.rel.init)

.rela.init
 *(.rela.init)

.rel.text
 *(.rel.text)
 *(.rel.text.*)
 *(.rel.gnu.linkonce.t*)

.rela.text
 *(.rela.text)
 *(.rela.text.*)
 *(.rela.gnu.linkonce.t*)

.rel.fini
 *(.rel.fini)

.rela.fini
 *(.rela.fini)

.rel.rodata
 *(.rel.rodata)
 *(.rel.rodata.*)
 *(.rel.gnu.linkonce.r*)

.rela.rodata
 *(.rela.rodata)
 *(.rela.rodata.*)
 *(.rela.gnu.linkonce.r*)

.rel.data
 *(.rel.data)
 *(.rel.data.*)
 *(.rel.gnu.linkonce.d*)

.rela.data
 *(.rela.data)
 *(.rela.data.*)
 *(.rela.gnu.linkonce.d*)

.rel.ctors
 *(.rel.ctors)

.rela.ctors
 *(.rela.ctors)

.rel.dtors
 *(.rel.dtors)

.rela.dtors
 *(.rela.dtors)

.rel.got
 *(.rel.got)

.rela.got
 *(.rela.got)

.rel.bss
 *(.rel.bss)

.rela.bss
 *(.rela.bss)

.rel.plt
 *(.rel.plt)

.rela.plt
 *(.rela.plt)

.text           0x00000000      0x96e
 *(.vectors)
 .vectors       0x00000000      0x1fc C:/Program Files (x86)/Atmel/Studio/7.0/Packs/atmel/XMEGAA_DFP/1.0.36/gcc/dev/atxmega16a4u/avrxmega2/crtatxmega16a4u.o
                0x00000000                __vector_default
                0x00000000                __vectors
 *(.vectors)
 *(.progmem.gcc*)
                0x000001fc                . = ALIGN (0x2)
                0x000001fc                __trampolines_start = .
 *(.trampolines)
 .trampolines   0x000001fc        0x0 linker stubs
 *(.trampolines*)
                0x000001fc                __trampolines_end = .
 *(.progmem*)
                0x000001fc                . = ALIGN (0x2)
 *(.jumptables)
 *(.jumptables*)
 *(.lowtext)
 *(.lowtext*)
                0x000001fc                __ctors_start = .
 *(.ctors)
                0x000001fc                __ctors_end = .
                0x000001fc                __dtors_start = .
 *(.dtors)
                0x000001fc                __dtors_end = .
 SORT(*)(.ctors)
 SORT(*)(.dtors)
 *(.init0)
 .init0         0x000001fc        0x0 C:/Program Files (x86)/Atmel/Studio/7.0/Packs/atmel/XMEGAA_DFP/1.0.36/gcc/dev/atxmega16a4u/avrxmega2/crtatxmega16a4u.o
                0x000001fc                __init
 *(.init0)
 *(.init1)
 *(.init1)
 *(.init2)
 .init2         0x000001fc        0xc C:/Program Files (x86)/Atmel/Studio/7.0/Packs/atmel/XMEGAA_DFP/1.0.36/gcc/dev/atxmega16a4u/avrxmega2/crtatxmega16a4u.o
 *(.init2)
 *(.init3)
 *(.init3)
 *(.init4)
 .init4         0x00000208       0x16 c:/program files (x86)/atmel/studio/7.0/toolchain/avr8/avr8-gnu-toolchain/bin/../lib/gcc/avr/4.9.2/avrxmega2\libgcc.a(_copy_data.o)
                0x00000208                __do_copy_data
 .init4         0x0000021e       0x10 c:/program files (x86)/atmel/studio/7.0/toolchain/avr8/avr8-gnu-toolchain/bin/../lib/gcc/avr/4.9.2/avrxmega2\libgcc.a(_clear_bss.o)
                0x0000021e                __do_clear_bss
 *(.init4)
 *(.init5)
 *(.init5)
 *(.init6)
 *(.init6)
 *(.init7)
 *(.init7)
 *(.init8)
 *(.init8)
 *(.init9)
 .init9         0x0000022e        0x4 C:/Program Files (x86)/Atmel/Studio/7.0/Packs/atmel/XMEGAA_DFP/1.0.36/gcc/dev/atxmega16a4u/avrxmega2/crtatxmega16a4u.o
 *(.init9)
 *(.text)
 .text          0x00000232        0x2 C:/Program Files (x86)/Atmel/Studio/7.0/Packs/atmel/XMEGAA_DFP/1.0.36/gcc/dev/atxmega16a4u/avrxmega2/crtatxmega16a4u.o
                0x00000232                __vector_38
                0x00000232                __vector_104
                0x00000232                __vector_22
                0x00000232                __vector_63
                0x00000232                __vector_28
                0x00000232                __vector_67
                0x00000232                __vector_1
                0x00000232                __vector_119
                0x00000232                __vector_32
                0x00000232                __vector_75
                0x00000232                __vector_71
                0x00000232                __vector_91
                0x00000232                __vector_34
                0x00000232                __vector_62
                0x00000232                __vector_77
                0x00000232                __vector_102
                0x00000232                __vector_24
                0x00000232                __vector_12
                0x00000232                __vector_55
                0x00000232                __vector_69
                0x00000232                __vector_81
                0x00000232                __vector_90
                0x00000232                __bad_interrupt
                0x00000232                __vector_122
                0x00000232                __vector_72
                0x00000232                __vector_114
                0x00000232                __vector_110
                0x00000232                __vector_31
                0x00000232                __vector_92
                0x00000232                __vector_35
                0x00000232                __vector_78
                0x00000232                __vector_74
                0x00000232                __vector_117
                0x00000232                __vector_39
                0x00000232                __vector_107
                0x00000232                __vector_3
                0x00000232                __vector_105
                0x00000232                __vector_98
                0x00000232                __vector_23
                0x00000232                __vector_68
                0x00000232                __vector_30
                0x00000232                __vector_73
                0x00000232                __vector_45
                0x00000232                __vector_25
                0x00000232                __vector_93
                0x00000232                __vector_61
                0x00000232                __vector_54
                0x00000232                __vector_99
                0x00000232                __vector_17
                0x00000232                __vector_19
                0x00000232                __vector_56
                0x00000232                __vector_125
                0x00000232                __vector_49
                0x00000232                __vector_123
                0x00000232                __vector_41
                0x00000232                __vector_86
                0x00000232                __vector_100
                0x00000232                __vector_101
                0x00000232                __vector_64
                0x00000232                __vector_88
                0x00000232                __vector_109
                0x00000232                __vector_43
                0x00000232                __vector_27
                0x00000232                __vector_5
                0x00000232                __vector_113
                0x00000232                __vector_33
                0x00000232                __vector_76
                0x00000232                __vector_115
                0x00000232                __vector_47
                0x00000232                __vector_52
                0x00000232                __vector_37
                0x00000232                __vector_95
                0x00000232                __vector_103
                0x00000232                __vector_96
                0x00000232                __vector_89
                0x00000232                __vector_108
                0x00000232                __vector_4
                0x00000232                __vector_44
                0x00000232                __vector_82
                0x00000232                __vector_106
                0x00000232                __vector_118
                0x00000232                __vector_51
                0x00000232                __vector_2
                0x00000232                __vector_21
                0x00000232                __vector_15
                0x00000232                __vector_66
                0x00000232                __vector_36
                0x00000232                __vector_79
                0x00000232                __vector_58
                0x00000232                __vector_70
                0x00000232                __vector_83
                0x00000232                __vector_29
                0x00000232                __vector_60
                0x00000232                __vector_121
                0x00000232                __vector_40
                0x00000232                __vector_85
                0x00000232                __vector_94
                0x00000232                __vector_126
                0x00000232                __vector_26
                0x00000232                __vector_48
                0x00000232                __vector_124
                0x00000232                __vector_116
                0x00000232                __vector_112
                0x00000232                __vector_111
                0x00000232                __vector_80
                0x00000232                __vector_14
                0x00000232                __vector_84
                0x00000232                __vector_57
                0x00000232                __vector_53
                0x00000232                __vector_50
                0x00000232                __vector_16
                0x00000232                __vector_59
                0x00000232                __vector_18
                0x00000232                __vector_97
                0x00000232                __vector_20
                0x00000232                __vector_42
                0x00000232                __vector_87
                0x00000232                __vector_65
                0x00000232                __vector_120
                0x00000234                . = ALIGN (0x2)
 *(.text.*)
 .text.twim_interrupt_handler
                0x00000234      0x12e src/ASF/xmega/drivers/twi/twim.o
 .text.__vector_13
                0x00000362       0x46 src/ASF/xmega/drivers/twi/twim.o
                0x00000362                __vector_13
 .text.__vector_46
                0x000003a8       0x46 src/ASF/xmega/drivers/twi/twim.o
                0x000003a8                __vector_46
 .text.shiftRegisterLatch
                0x000003ee        0xe src/sequence.o
                0x000003ee                shiftRegisterLatch
 .text.shiftRegisterClear
                0x000003fc        0xe src/sequence.o
                0x000003fc                shiftRegisterClear
 .text.bits_To_Shift_Register
                0x0000040a       0x40 src/sequence.o
                0x0000040a                bits_To_Shift_Register
 .text.shiftRegisterInit
                0x0000044a       0x18 src/sequence.o
                0x0000044a                shiftRegisterInit
 .text.toggleChargePump
                0x00000462        0xc src/sequence.o
                0x00000462                toggleChargePump
 .text.ioport_configure_port_pin
                0x0000046e       0x50 src/ASF/common/services/ioport/xmega/ioport_compat.o
                0x0000046e                ioport_configure_port_pin
 .text.sysclk_init
                0x000004be       0x20 src/ASF/common/services/clock/xmega/sysclk.o
                0x000004be                sysclk_init
 .text.dma_interrupt
                0x000004de       0xc0 src/ASF/xmega/drivers/dma/dma.o
 .text.__vector_6
                0x0000059e       0x48 src/ASF/xmega/drivers/dma/dma.o
                0x0000059e                __vector_6
 .text.__vector_7
                0x000005e6       0x48 src/ASF/xmega/drivers/dma/dma.o
                0x000005e6                __vector_7
 .text.__vector_8
                0x0000062e       0x48 src/ASF/xmega/drivers/dma/dma.o
                0x0000062e                __vector_8
 .text.__vector_9
                0x00000676       0x48 src/ASF/xmega/drivers/dma/dma.o
                0x00000676                __vector_9
 .text.__vector_10
                0x000006be       0x32 src/ASF/xmega/drivers/rtc/rtc.o
                0x000006be                __vector_10
 .text.__vector_11
                0x000006f0       0xea src/ASF/xmega/drivers/rtc/rtc.o
                0x000006f0                __vector_11
 .text.pinInit  0x000007da      0x182 src/ASF/common/boards/user_board/init.o
                0x000007da                pinInit
 .text.board_init
                0x0000095c        0x6 src/ASF/common/boards/user_board/init.o
                0x0000095c                board_init
 .text.main     0x00000962        0x8 src/main.o
                0x00000962                main
                0x0000096a                . = ALIGN (0x2)
 *(.fini9)
 .fini9         0x0000096a        0x0 c:/program files (x86)/atmel/studio/7.0/toolchain/avr8/avr8-gnu-toolchain/bin/../lib/gcc/avr/4.9.2/avrxmega2\libgcc.a(_exit.o)
                0x0000096a                _exit
                0x0000096a                exit
 *(.fini9)
 *(.fini8)
 *(.fini8)
 *(.fini7)
 *(.fini7)
 *(.fini6)
 *(.fini6)
 *(.fini5)
 *(.fini5)
 *(.fini4)
 *(.fini4)
 *(.fini3)
 *(.fini3)
 *(.fini2)
 *(.fini2)
 *(.fini1)
 *(.fini1)
 *(.fini0)
 .fini0         0x0000096a        0x4 c:/program files (x86)/atmel/studio/7.0/toolchain/avr8/avr8-gnu-toolchain/bin/../lib/gcc/avr/4.9.2/avrxmega2\libgcc.a(_exit.o)
 *(.fini0)
                0x0000096e                _etext = .

.data           0x00802000        0x0 load address 0x0000096e
                0x00802000                PROVIDE (__data_start, .)
 *(.data)
 *(.data*)
 *(.rodata)
 *(.rodata*)
 *(.gnu.linkonce.d*)
                0x00802000                . = ALIGN (0x2)
                0x00802000                _edata = .
                0x00802000                PROVIDE (__data_end, .)

.bss            0x00802000       0x1d
                0x00802000                PROVIDE (__bss_start, .)
 *(.bss)
 *(.bss*)
 .bss.transfer  0x00802000        0xb src/ASF/xmega/drivers/twi/twim.o
 .bss.state     0x0080200b        0x2 src/sequence.o
 *(COMMON)
 COMMON         0x0080200d        0x8 src/ASF/xmega/drivers/dma/dma.o
                0x0080200d                dma_data
 COMMON         0x00802015        0x8 src/ASF/xmega/drivers/rtc/rtc.o
                0x00802015                rtc_data
                0x0080201d                PROVIDE (__bss_end, .)
                0x0000096e                __data_load_start = LOADADDR (.data)
                0x0000096e                __data_load_end = (__data_load_start + SIZEOF (.data))

.noinit         0x0080201d        0x0
                0x0080201d                PROVIDE (__noinit_start, .)
 *(.noinit*)
                0x0080201d                PROVIDE (__noinit_end, .)
                0x0080201d                _end = .
                0x0080201d                PROVIDE (__heap_start, .)

.eeprom         0x00810000        0x0
 *(.eeprom*)
                0x00810000                __eeprom_end = .

.fuse
 *(.fuse)
 *(.lfuse)
 *(.hfuse)
 *(.efuse)

.lock
 *(.lock*)

.signature
 *(.signature*)

.user_signatures
 *(.user_signatures*)

.stab
 *(.stab)

.stabstr
 *(.stabstr)

.stab.excl
 *(.stab.excl)

.stab.exclstr
 *(.stab.exclstr)

.stab.index
 *(.stab.index)

.stab.indexstr
 *(.stab.indexstr)

.comment        0x00000000       0x30
 *(.comment)
 .comment       0x00000000       0x30 src/ASF/xmega/drivers/twi/twim.o
                                 0x31 (size before relaxing)
 .comment       0x00000030       0x31 src/sequence.o
 .comment       0x00000030       0x31 src/ASF/common/services/ioport/xmega/ioport_compat.o
 .comment       0x00000030       0x31 src/ASF/common/services/clock/xmega/sysclk.o
 .comment       0x00000030       0x31 src/ASF/xmega/drivers/dma/dma.o
 .comment       0x00000030       0x31 src/ASF/xmega/drivers/rtc/rtc.o
 .comment       0x00000030       0x31 src/ASF/common/boards/user_board/init.o
 .comment       0x00000030       0x31 src/main.o

.note.gnu.avr.deviceinfo
                0x00000000       0x40
 .note.gnu.avr.deviceinfo
                0x00000000       0x40 C:/Program Files (x86)/Atmel/Studio/7.0/Packs/atmel/XMEGAA_DFP/1.0.36/gcc/dev/atxmega16a4u/avrxmega2/crtatxmega16a4u.o

.note.gnu.build-id
 *(.note.gnu.build-id)

.debug
 *(.debug)

.line
 *(.line)

.debug_srcinfo
 *(.debug_srcinfo)

.debug_sfnames
 *(.debug_sfnames)

.debug_aranges  0x00000000      0x1f8
 *(.debug_aranges)
 .debug_aranges
                0x00000000       0x40 src/ASF/xmega/drivers/twi/twim.o
 .debug_aranges
                0x00000040       0x50 src/sequence.o
 .debug_aranges
                0x00000090       0x20 src/ASF/common/services/ioport/xmega/ioport_compat.o
 .debug_aranges
                0x000000b0       0x40 src/ASF/common/services/clock/xmega/sysclk.o
 .debug_aranges
                0x000000f0       0x68 src/ASF/xmega/drivers/dma/dma.o
 .debug_aranges
                0x00000158       0x58 src/ASF/xmega/drivers/rtc/rtc.o
 .debug_aranges
                0x000001b0       0x28 src/ASF/common/boards/user_board/init.o
 .debug_aranges
                0x000001d8       0x20 src/main.o

.debug_pubnames
 *(.debug_pubnames)

.debug_info     0x00000000     0x3a26
 *(.debug_info .gnu.linkonce.wi.*)
 .debug_info    0x00000000      0x8fd src/ASF/xmega/drivers/twi/twim.o
 .debug_info    0x000008fd      0x972 src/sequence.o
 .debug_info    0x0000126f      0x119 src/ASF/common/services/ioport/xmega/ioport_compat.o
 .debug_info    0x00001388      0x6f8 src/ASF/common/services/clock/xmega/sysclk.o
 .debug_info    0x00001a80      0xa49 src/ASF/xmega/drivers/dma/dma.o
 .debug_info    0x000024c9      0x6f9 src/ASF/xmega/drivers/rtc/rtc.o
 .debug_info    0x00002bc2      0xc8e src/ASF/common/boards/user_board/init.o
 .debug_info    0x00003850      0x1d6 src/main.o

.debug_abbrev   0x00000000     0x1087
 *(.debug_abbrev)
 .debug_abbrev  0x00000000      0x29e src/ASF/xmega/drivers/twi/twim.o
 .debug_abbrev  0x0000029e      0x241 src/sequence.o
 .debug_abbrev  0x000004df       0x90 src/ASF/common/services/ioport/xmega/ioport_compat.o
 .debug_abbrev  0x0000056f      0x258 src/ASF/common/services/clock/xmega/sysclk.o
 .debug_abbrev  0x000007c7      0x30b src/ASF/xmega/drivers/dma/dma.o
 .debug_abbrev  0x00000ad2      0x2c7 src/ASF/xmega/drivers/rtc/rtc.o
 .debug_abbrev  0x00000d99      0x1dc src/ASF/common/boards/user_board/init.o
 .debug_abbrev  0x00000f75      0x112 src/main.o

.debug_line     0x00000000     0x16e4
 *(.debug_line .debug_line.* .debug_line_end)
 .debug_line    0x00000000      0x39f src/ASF/xmega/drivers/twi/twim.o
 .debug_line    0x0000039f      0x2f5 src/sequence.o
 .debug_line    0x00000694      0x157 src/ASF/common/services/ioport/xmega/ioport_compat.o
 .debug_line    0x000007eb      0x2c5 src/ASF/common/services/clock/xmega/sysclk.o
 .debug_line    0x00000ab0      0x47f src/ASF/xmega/drivers/dma/dma.o
 .debug_line    0x00000f2f      0x408 src/ASF/xmega/drivers/rtc/rtc.o
 .debug_line    0x00001337      0x1c9 src/ASF/common/boards/user_board/init.o
 .debug_line    0x00001500      0x1e4 src/main.o

.debug_frame    0x00000000      0x574
 *(.debug_frame)
 .debug_frame   0x00000000      0x100 src/ASF/xmega/drivers/twi/twim.o
 .debug_frame   0x00000100       0x84 src/sequence.o
 .debug_frame   0x00000184       0x30 src/ASF/common/services/ioport/xmega/ioport_compat.o
 .debug_frame   0x000001b4       0x64 src/ASF/common/services/clock/xmega/sysclk.o
 .debug_frame   0x00000218      0x1e0 src/ASF/xmega/drivers/dma/dma.o
 .debug_frame   0x000003f8      0x124 src/ASF/xmega/drivers/rtc/rtc.o
 .debug_frame   0x0000051c       0x34 src/ASF/common/boards/user_board/init.o
 .debug_frame   0x00000550       0x24 src/main.o

.debug_str      0x00000000     0x163b
 *(.debug_str)
 .debug_str     0x00000000      0x6c0 src/ASF/xmega/drivers/twi/twim.o
                                0x725 (size before relaxing)
 .debug_str     0x000006c0      0x458 src/sequence.o
                                0x62d (size before relaxing)
 .debug_str     0x00000b18       0xab src/ASF/common/services/ioport/xmega/ioport_compat.o
                                0x244 (size before relaxing)
 .debug_str     0x00000bc3      0x2da src/ASF/common/services/clock/xmega/sysclk.o
                                0x63c (size before relaxing)
 .debug_str     0x00000e9d      0x446 src/ASF/xmega/drivers/dma/dma.o
                                0x78e (size before relaxing)
 .debug_str     0x000012e3      0x2c4 src/ASF/xmega/drivers/rtc/rtc.o
                                0x71a (size before relaxing)
 .debug_str     0x000015a7       0x64 src/ASF/common/boards/user_board/init.o
                                0x41f (size before relaxing)
 .debug_str     0x0000160b       0x30 src/main.o
                                0x2a8 (size before relaxing)

.debug_loc      0x00000000      0xf36
 *(.debug_loc)
 .debug_loc     0x00000000      0x466 src/ASF/xmega/drivers/twi/twim.o
 .debug_loc     0x00000466      0x16a src/sequence.o
 .debug_loc     0x000005d0       0x66 src/ASF/common/services/ioport/xmega/ioport_compat.o
 .debug_loc     0x00000636      0x1ff src/ASF/common/services/clock/xmega/sysclk.o
 .debug_loc     0x00000835      0x4c6 src/ASF/xmega/drivers/dma/dma.o
 .debug_loc     0x00000cfb      0x23b src/ASF/xmega/drivers/rtc/rtc.o

.debug_macinfo
 *(.debug_macinfo)

.debug_weaknames
 *(.debug_weaknames)

.debug_funcnames
 *(.debug_funcnames)

.debug_typenames
 *(.debug_typenames)

.debug_varnames
 *(.debug_varnames)

.debug_pubtypes
 *(.debug_pubtypes)

.debug_ranges   0x00000000      0x1d8
 *(.debug_ranges)
 .debug_ranges  0x00000000       0x60 src/ASF/xmega/drivers/twi/twim.o
 .debug_ranges  0x00000060       0x70 src/sequence.o
 .debug_ranges  0x000000d0       0x10 src/ASF/common/services/ioport/xmega/ioport_compat.o
 .debug_ranges  0x000000e0       0x30 src/ASF/common/services/clock/xmega/sysclk.o
 .debug_ranges  0x00000110       0x58 src/ASF/xmega/drivers/dma/dma.o
 .debug_ranges  0x00000168       0x48 src/ASF/xmega/drivers/rtc/rtc.o
 .debug_ranges  0x000001b0       0x18 src/ASF/common/boards/user_board/init.o
 .debug_ranges  0x000001c8       0x10 src/main.o

.debug_macro
 *(.debug_macro)
OUTPUT(V2X_Sequencer.elf elf32-avr)
LOAD linker stubs
